Archive member included to satisfy reference by file (symbol)

../../libDaisy//build\libdaisy.a(daisy_seed.o)
                              build/Start.o (daisy::DaisySeed::DelayMs(unsigned int))
../../libDaisy//build\libdaisy.a(codec_ak4556.o)
                              ../../libDaisy//build\libdaisy.a(daisy_seed.o) (daisy::Ak4556::Init(dsy_gpio_pin))
../../libDaisy//build\libdaisy.a(codec_wm8731.o)
                              ../../libDaisy//build\libdaisy.a(daisy_seed.o) (daisy::Wm8731::Init(daisy::Wm8731::Config const&, daisy::I2CHandle))
../../libDaisy//build\libdaisy.a(sdram.o)
                              ../../libDaisy//build\libdaisy.a(daisy_seed.o) (SdramHandle::Init())
../../libDaisy//build\libdaisy.a(audio.o)
                              ../../libDaisy//build\libdaisy.a(daisy_seed.o) (daisy::AudioHandle::Init(daisy::AudioHandle::Config const&, daisy::SaiHandle))
../../libDaisy//build\libdaisy.a(logger.o)
                              build/Start.o (daisy::Logger<(daisy::LoggerDestination)1>::PrintLine(char const*, ...))
../../libDaisy//build\libdaisy.a(usb.o)
                              ../../libDaisy//build\libdaisy.a(logger.o) (daisy::UsbHandle::Init(daisy::UsbHandle::UsbPeriph))
../../libDaisy//build\libdaisy.a(adc.o)
                              build/MultiPots.o (daisy::AdcChannelConfig::InitSingle(dsy_gpio_pin, daisy::AdcChannelConfig::ConversionSpeed))
../../libDaisy//build\libdaisy.a(gpio.o)
                              build/MultiPots.o (daisy::GPIO::Init(daisy::Pin, daisy::GPIO::Mode, daisy::GPIO::Pull, daisy::GPIO::Speed))
../../libDaisy//build\libdaisy.a(i2c.o)
                              ../../libDaisy//build\libdaisy.a(daisy_seed.o) (daisy::I2CHandle::Init(daisy::I2CHandle::Config const&))
../../libDaisy//build\libdaisy.a(qspi.o)
                              ../../libDaisy//build\libdaisy.a(daisy_seed.o) (daisy::QSPIHandle::Init(daisy::QSPIHandle::Config const&))
../../libDaisy//build\libdaisy.a(sai.o)
                              ../../libDaisy//build\libdaisy.a(daisy_seed.o) (daisy::SaiHandle::Init(daisy::SaiHandle::Config const&))
../../libDaisy//build\libdaisy.a(tim.o)
                              build/MultiPots.o (daisy::TimerHandle::Init(daisy::TimerHandle::Config const&))
../../libDaisy//build\libdaisy.a(system.o)
                              ../../libDaisy//build\libdaisy.a(daisy_seed.o) (daisy::System::DeInit())
../../libDaisy//build\libdaisy.a(system_stm32h7xx.o)
                              build/startup_stm32h750xx.o (SystemInit)
../../libDaisy//build\libdaisy.a(usbd_cdc_if.o)
                              ../../libDaisy//build\libdaisy.a(usb.o) (CDC_Transmit_FS)
../../libDaisy//build\libdaisy.a(usbd_conf.o)
                              ../../libDaisy//build\libdaisy.a(system.o) (hpcd_USB_OTG_HS)
../../libDaisy//build\libdaisy.a(usbd_desc.o)
                              ../../libDaisy//build\libdaisy.a(usb.o) (HS_Desc)
../../libDaisy//build\libdaisy.a(usbh_conf.o)
                              ../../libDaisy//build\libdaisy.a(system.o) (hhcd_USB_OTG_HS)
../../libDaisy//build\libdaisy.a(hal_map.o)
                              ../../libDaisy//build\libdaisy.a(gpio.o) (dsy_hal_map_get_port)
../../libDaisy//build\libdaisy.a(stm32h7xx_hal.o)
                              ../../libDaisy//build\libdaisy.a(system.o) (HAL_Init)
../../libDaisy//build\libdaisy.a(stm32h7xx_hal_adc.o)
                              ../../libDaisy//build\libdaisy.a(adc.o) (HAL_ADC_ConfigChannel)
../../libDaisy//build\libdaisy.a(stm32h7xx_hal_adc_ex.o)
                              ../../libDaisy//build\libdaisy.a(adc.o) (HAL_ADCEx_Calibration_Start)
../../libDaisy//build\libdaisy.a(stm32h7xx_hal_cortex.o)
                              ../../libDaisy//build\libdaisy.a(stm32h7xx_hal.o) (HAL_NVIC_SetPriorityGrouping)
../../libDaisy//build\libdaisy.a(stm32h7xx_hal_dma.o)
                              ../../libDaisy//build\libdaisy.a(adc.o) (HAL_DMA_Init)
../../libDaisy//build\libdaisy.a(stm32h7xx_hal_gpio.o)
                              ../../libDaisy//build\libdaisy.a(sdram.o) (HAL_GPIO_Init)
../../libDaisy//build\libdaisy.a(stm32h7xx_hal_hcd.o)
                              ../../libDaisy//build\libdaisy.a(usbh_conf.o) (HAL_HCD_HC_Init)
../../libDaisy//build\libdaisy.a(stm32h7xx_hal_i2c.o)
                              ../../libDaisy//build\libdaisy.a(i2c.o) (HAL_I2C_Init)
../../libDaisy//build\libdaisy.a(stm32h7xx_hal_i2c_ex.o)
                              ../../libDaisy//build\libdaisy.a(i2c.o) (HAL_I2CEx_ConfigAnalogFilter)
../../libDaisy//build\libdaisy.a(stm32h7xx_hal_pcd.o)
                              ../../libDaisy//build\libdaisy.a(usbd_conf.o) (HAL_PCD_Init)
../../libDaisy//build\libdaisy.a(stm32h7xx_hal_pcd_ex.o)
                              ../../libDaisy//build\libdaisy.a(usbd_conf.o) (HAL_PCDEx_SetTxFiFo)
../../libDaisy//build\libdaisy.a(stm32h7xx_hal_pwr_ex.o)
                              ../../libDaisy//build\libdaisy.a(system.o) (HAL_PWREx_ConfigSupply)
[...]
Memory Configuration

Name             Origin             Length             Attributes
FLASH            0x08000000         0x00020000         xr
DTCMRAM          0x20000000         0x00020000         xrw
SRAM             0x24000000         0x00080000         xrw
RAM_D2           0x30000000         0x00048000         xrw
RAM_D3           0x38000000         0x00010000         xrw
BACKUP_SRAM      0x38800000         0x00001000         xrw
ITCMRAM          0x00000000         0x00010000         xrw
SDRAM            0xc0000000         0x04000000         xrw
QSPIFLASH        0x90000000         0x00800000         xr
*default*        0x00000000         0xffffffff

Linker script and memory map

LOAD c:/program files/daisytoolchain/bin/../lib/gcc/arm-none-eabi/10.2.1/thumb/v7e-m+dp/hard/crti.o
LOAD c:/program files/daisytoolchain/bin/../lib/gcc/arm-none-eabi/10.2.1/thumb/v7e-m+dp/hard/crtbegin.o
LOAD c:/program files/daisytoolchain/bin/../lib/gcc/arm-none-eabi/10.2.1/../../../../arm-none-eabi/lib/thumb/v7e-m+dp/hard/crt0.o
LOAD build/startup_stm32h750xx.o
LOAD build/Start.o
LOAD build/KiwiSynth.o
LOAD build/MultiPots.o
LOAD build/PatchSettings.o
LOAD ../../libDaisy//build\libdaisy.a
LOAD c:/program files/daisytoolchain/bin/../lib/gcc/arm-none-eabi/10.2.1/../../../../arm-none-eabi/lib/thumb/v7e-m+dp/hard\libnosys.a
LOAD ../../DaisySP//build\libdaisysp.a
LOAD c:/program files/daisytoolchain/bin/../lib/gcc/arm-none-eabi/10.2.1/../../../../arm-none-eabi/lib/thumb/v7e-m+dp/hard\libstdc++_nano.a
LOAD c:/program files/daisytoolchain/bin/../lib/gcc/arm-none-eabi/10.2.1/../../../../arm-none-eabi/lib/thumb/v7e-m+dp/hard\libm.a
LOAD c:/program files/daisytoolchain/bin/../lib/gcc/arm-none-eabi/10.2.1/../../../../arm-none-eabi/lib/thumb/v7e-m+dp/hard\libc_nano.a
START GROUP
LOAD c:/program files/daisytoolchain/bin/../lib/gcc/arm-none-eabi/10.2.1/thumb/v7e-m+dp/hard\libgcc.a
LOAD c:/program files/daisytoolchain/bin/../lib/gcc/arm-none-eabi/10.2.1/../../../../arm-none-eabi/lib/thumb/v7e-m+dp/hard\libc_nano.a
END GROUP
START GROUP
LOAD c:/program files/daisytoolchain/bin/../lib/gcc/arm-none-eabi/10.2.1/thumb/v7e-m+dp/hard\libgcc.a
LOAD c:/program files/daisytoolchain/bin/../lib/gcc/arm-none-eabi/10.2.1/../../../../arm-none-eabi/lib/thumb/v7e-m+dp/hard\libc_nano.a
LOAD c:/program files/daisytoolchain/bin/../lib/gcc/arm-none-eabi/10.2.1/../../../../arm-none-eabi/lib/thumb/v7e-m+dp/hard\libnosys.a
END GROUP
START GROUP
LOAD c:/program files/daisytoolchain/bin/../lib/gcc/arm-none-eabi/10.2.1/thumb/v7e-m+dp/hard\libgcc.a
LOAD c:/program files/daisytoolchain/bin/../lib/gcc/arm-none-eabi/10.2.1/../../../../arm-none-eabi/lib/thumb/v7e-m+dp/hard\libc_nano.a
LOAD c:/program files/daisytoolchain/bin/../lib/gcc/arm-none-eabi/10.2.1/../../../../arm-none-eabi/lib/thumb/v7e-m+dp/hard\libnosys.a
END GROUP
LOAD c:/program files/daisytoolchain/bin/../lib/gcc/arm-none-eabi/10.2.1/thumb/v7e-m+dp/hard/crtend.o
LOAD c:/program files/daisytoolchain/bin/../lib/gcc/arm-none-eabi/10.2.1/thumb/v7e-m+dp/hard/crtn.o
                0x20020000                _estack = 0x20020000

.isr_vector     0x08000000      0x298
                0x08000000                . = ALIGN (0x4)
 *(.isr_vector)
 .isr_vector    0x08000000      0x298 build/startup_stm32h750xx.o
                0x08000000                g_pfnVectors
                0x08000298                . = ALIGN (0x4)

.text           0x080002a0    0x14c24
                0x080002a0                . = ALIGN (0x4)
                0x080002a0                _stext = .
 *(.text)
 .text          0x080002a0       0x40 c:/program files/daisytoolchain/bin/../lib/gcc/arm-none-eabi/10.2.1/thumb/v7e-m+dp/hard/crtbegin.o
 .text          0x080002e0       0xa0 c:/program files/daisytoolchain/bin/../lib/gcc/arm-none-eabi/10.2.1/../../../../arm-none-eabi/lib/thumb/v7e-m+dp/hard\libc_nano.a(lib_a-memchr.o)
                0x080002e0                memchr
 .text          0x08000380       0x10 c:/program files/daisytoolchain/bin/../lib/gcc/arm-none-eabi/10.2.1/../../../../arm-none-eabi/lib/thumb/v7e-m+dp/hard\libc_nano.a(lib_a-strlen.o)
                0x08000380                strlen
 .text          0x08000390       0x30 c:/program files/daisytoolchain/bin/../lib/gcc/arm-none-eabi/10.2.1/thumb/v7e-m+dp/hard\libgcc.a(_aeabi_uldivmod.o)
                0x08000390                __aeabi_uldivmod
 .text          0x080003c0      0x2d0 c:/program files/daisytoolchain/bin/../lib/gcc/arm-none-eabi/10.2.1/thumb/v7e-m+dp/hard\libgcc.a(_udivmoddi4.o)
                0x080003c0                __udivmoddi4
 .text          0x08000690        0x4 c:/program files/daisytoolchain/bin/../lib/gcc/arm-none-eabi/10.2.1/thumb/v7e-m+dp/hard\libgcc.a(_dvmd_tls.o)
                0x08000690                __aeabi_idiv0
                0x08000690                __aeabi_ldiv0
 *(.text*)
 .text.Default_Handler
                0x08000694        0x4 build/startup_stm32h750xx.o
                0x08000694                RTC_Alarm_IRQHandler
                0x08000694                HASH_RNG_IRQHandler
                0x08000694                EXTI2_IRQHandler
                0x08000694                TIM8_CC_IRQHandler
                0x08000694                HRTIM1_Master_IRQHandler
                0x08000694                DebugMon_Handler
                0x08000694                TIM1_CC_IRQHandler
                0x08000694                BDMA_Channel6_IRQHandler
                0x08000694                DMA2_Stream5_IRQHandler
                0x08000694                HRTIM1_FLT_IRQHandler
                0x08000694                JPEG_IRQHandler
                0x08000694                BDMA_Channel1_IRQHandler
                0x08000694                HRTIM1_TIMD_IRQHandler
                0x08000694                TAMP_STAMP_IRQHandler
                0x08000694                PendSV_Handler
                0x08000694                NMI_Handler
                0x08000694                EXTI3_IRQHandler
                0x08000694                LPTIM4_IRQHandler
                0x08000694                TIM8_TRG_COM_TIM14_IRQHandler
                0x08000694                LPTIM2_IRQHandler
                0x08000694                DFSDM1_FLT1_IRQHandler
                0x08000694                DMAMUX2_OVR_IRQHandler
                0x08000694                TIM8_UP_TIM13_IRQHandler
                0x08000694                I2C3_ER_IRQHandler
                0x08000694                DFSDM1_FLT2_IRQHandler
                0x08000694                MDMA_IRQHandler
                0x08000694                LPTIM3_IRQHandler
                0x08000694                HSEM1_IRQHandler
                0x08000694                EXTI0_IRQHandler
                0x08000694                FPU_IRQHandler
                0x08000694                OTG_HS_WKUP_IRQHandler
                0x08000694                FDCAN1_IT1_IRQHandler
                0x08000694                UsageFault_Handler
                0x08000694                LTDC_ER_IRQHandler
                0x08000694                HRTIM1_TIME_IRQHandler
                0x08000694                TIM6_DAC_IRQHandler
                0x08000694                DCMI_IRQHandler
                0x08000694                HRTIM1_TIMC_IRQHandler
                0x08000694                SAI2_IRQHandler
                0x08000694                DFSDM1_FLT3_IRQHandler
                0x08000694                TIM17_IRQHandler
                0x08000694                CRYP_IRQHandler
                0x08000694                BDMA_Channel7_IRQHandler
                0x08000694                LPTIM5_IRQHandler
                0x08000694                ADC3_IRQHandler
                0x08000694                DMA2_Stream0_IRQHandler
                0x08000694                BDMA_Channel2_IRQHandler
                0x08000694                DMAMUX1_OVR_IRQHandler
                0x08000694                TIM16_IRQHandler
                0x08000694                BDMA_Channel5_IRQHandler
                0x08000694                RCC_IRQHandler
                0x08000694                TIM8_BRK_TIM12_IRQHandler
                0x08000694                TIM1_TRG_COM_IRQHandler
                0x08000694                Default_Handler
                0x08000694                ECC_IRQHandler
                0x08000694                CEC_IRQHandler
                0x08000694                EXTI15_10_IRQHandler
                0x08000694                BDMA_Channel0_IRQHandler
                0x08000694                ADC_IRQHandler
                0x08000694                DMA1_Stream7_IRQHandler
                0x08000694                HRTIM1_TIMA_IRQHandler
                0x08000694                TIM7_IRQHandler
                0x08000694                SDMMC1_IRQHandler
                0x08000694                DMA2_Stream7_IRQHandler
                0x08000694                TIM15_IRQHandler
                0x08000694                PVD_AVD_IRQHandler
                0x08000694                EXTI9_5_IRQHandler
                0x08000694                RTC_WKUP_IRQHandler
                0x08000694                LTDC_IRQHandler
                0x08000694                SAI3_IRQHandler
                0x08000694                ETH_WKUP_IRQHandler
                0x08000694                SPDIF_RX_IRQHandler
                0x08000694                MemManage_Handler
                0x08000694                SVC_Handler
                0x08000694                CRS_IRQHandler
                0x08000694                EXTI4_IRQHandler
                0x08000694                HRTIM1_TIMB_IRQHandler
                0x08000694                FDCAN2_IT1_IRQHandler
                0x08000694                ETH_IRQHandler
                0x08000694                TIM1_UP_IRQHandler
                0x08000694                BDMA_Channel4_IRQHandler
                0x08000694                WWDG_IRQHandler
                0x08000694                SPI6_IRQHandler
                0x08000694                I2C4_EV_IRQHandler
                0x08000694                MDIOS_IRQHandler
                0x08000694                FDCAN2_IT0_IRQHandler
                0x08000694                FDCAN1_IT0_IRQHandler
                0x08000694                OTG_FS_WKUP_IRQHandler
                0x08000694                DMA2D_IRQHandler
                0x08000694                TIM1_BRK_IRQHandler
                0x08000694                EXTI1_IRQHandler
                0x08000694                SDMMC2_IRQHandler
                0x08000694                BDMA_Channel3_IRQHandler
                0x08000694                MDIOS_WKUP_IRQHandler
                0x08000694                DFSDM1_FLT0_IRQHandler
                0x08000694                SAI4_IRQHandler
                0x08000694                I2C2_ER_IRQHandler
                0x08000694                DMA2_Stream1_IRQHandler
                0x08000694                FLASH_IRQHandler
                0x08000694                BusFault_Handler
                0x08000694                WAKEUP_PIN_IRQHandler
                0x08000694                I2C1_ER_IRQHandler
                0x08000694                FMC_IRQHandler
                0x08000694                FDCAN_CAL_IRQHandler
                0x08000694                SWPMI1_IRQHandler
                0x08000694                COMP1_IRQHandler
                0x08000694                LPTIM1_IRQHandler
                0x08000694                I2C4_ER_IRQHandler
                0x08000694                DMA2_Stream6_IRQHandler
                0x08000694                SAI1_IRQHandler
 .text.Reset_Handler
                0x08000698       0x44 build/startup_stm32h750xx.o
                0x08000698                Reset_Handler
 .text._ZN5daisy9DaisySeedD2Ev
                0x080006dc        0x4 build/Start.o
                0x080006dc                daisy::DaisySeed::~DaisySeed()
                0x080006dc                daisy::DaisySeed::~DaisySeed()
 .text.startup.main
                0x080006e0      0x154 build/Start.o
                0x080006e0                main
 .text.startup._GLOBAL__sub_I_hw
                0x08000834       0x20 build/Start.o
 .text._ZN10kiwi_synth9MultiPots10StartTimerEv
                0x08000854        0x8 build/MultiPots.o
                0x08000854                kiwi_synth::MultiPots::StartTimer()
 .text._ZN10kiwi_synth9MultiPots10GetMpValueEii
                0x0800085c       0x10 build/MultiPots.o
                0x0800085c                kiwi_synth::MultiPots::GetMpValue(int, int)
 .text._ZN10kiwi_synth9MultiPots14GetDirectValueEi
                0x0800086c        0xc build/MultiPots.o
                0x0800086c                kiwi_synth::MultiPots::GetDirectValue(int)
 .text._ZN10kiwi_synth9MultiPots9InitMultiEPNS_15MultiPotsConfigE
                0x08000878      0x110 build/MultiPots.o
                0x08000878                kiwi_synth::MultiPots::InitMulti(kiwi_synth::MultiPotsConfig*)
 .text._ZN10kiwi_synth9MultiPots9InitTimerEf
                0x08000988       0x58 build/MultiPots.o
                0x08000988                kiwi_synth::MultiPots::InitTimer(float)
 .text._ZN10kiwi_synth9MultiPotsC2EPN5daisy9DaisySeedEPNS_15MultiPotsConfigE
                0x080009e0      0x140 build/MultiPots.o
                0x080009e0                kiwi_synth::MultiPots::MultiPots(daisy::DaisySeed*, kiwi_synth::MultiPotsConfig*)
                0x080009e0                kiwi_synth::MultiPots::MultiPots(daisy::DaisySeed*, kiwi_synth::MultiPotsConfig*)
 .text._ZN10kiwi_synth9MultiPots15SelectMpChannelEi
                0x08000b20       0x70 build/MultiPots.o
                0x08000b20                kiwi_synth::MultiPots::SelectMpChannel(int)
 .text._ZN10kiwi_synth9MultiPots8ReadPotsEv
                0x08000b90       0x58 build/MultiPots.o
                0x08000b90                kiwi_synth::MultiPots::ReadPots()
 .text._ZN10kiwi_synth12ProcessTimerEPv
                0x08000be8       0x2c build/MultiPots.o
                0x08000be8                kiwi_synth::ProcessTimer(void*)
 .text._ZN10kiwi_synth13PatchSettingsC2EPNS_9MultiPotsE
                0x08000c14        0x8 build/PatchSettings.o
                0x08000c14                kiwi_synth::PatchSettings::PatchSettings(kiwi_synth::MultiPots*)
                0x08000c14                kiwi_synth::PatchSettings::PatchSettings(kiwi_synth::MultiPots*)
 .text._ZN10kiwi_synth13PatchSettings8setValueENS_12PatchSettingEf
                0x08000c1c      0x208 build/PatchSettings.o
                0x08000c1c                kiwi_synth::PatchSettings::setValue(kiwi_synth::PatchSetting, float)
 .text._ZN10kiwi_synth13PatchSettings13getFloatValueENS_12PatchSettingE
                0x08000e24      0x214 build/PatchSettings.o
                0x08000e24                kiwi_synth::PatchSettings::getFloatValue(kiwi_synth::PatchSetting)
 .text._ZN10kiwi_synth13PatchSettings15updatePotValuesEv
                0x08001038      0x3dc build/PatchSettings.o
                0x08001038                kiwi_synth::PatchSettings::updatePotValues()
 .text._ZN5daisy9DaisySeed7DelayMsEj
                0x08001414        0x8 ../../libDaisy//build\libdaisy.a(daisy_seed.o)
                0x08001414                daisy::DaisySeed::DelayMs(unsigned int)
 .text._ZN5daisy9DaisySeed17CheckBoardVersionEv
                0x0800141c       0x6c ../../libDaisy//build\libdaisy.a(daisy_seed.o)
                0x0800141c                daisy::DaisySeed::CheckBoardVersion()
 .text._ZN5daisy9DaisySeed14ConfigureAudioEv
                0x08001488      0x10c ../../libDaisy//build\libdaisy.a(daisy_seed.o)
                0x08001488                daisy::DaisySeed::ConfigureAudio()
 .text._ZN5daisy9DaisySeed4InitEb
                0x08001594      0x108 ../../libDaisy//build\libdaisy.a(daisy_seed.o)
                0x08001594                daisy::DaisySeed::Init(bool)
 .text._ZN5daisy6Ak45564InitE12dsy_gpio_pin
                0x0800169c       0x44 ../../libDaisy//build\libdaisy.a(codec_ak4556.o)
                0x0800169c                daisy::Ak4556::Init(dsy_gpio_pin)
 .text._ZN5daisy6Wm873120WriteControlRegisterEht
                0x080016e0       0x3c ../../libDaisy//build\libdaisy.a(codec_wm8731.o)
                0x080016e0                daisy::Wm8731::WriteControlRegister(unsigned char, unsigned short)
 .text._ZN5daisy6Wm87314InitERKNS0_6ConfigENS_9I2CHandleE
                0x0800171c      0x1bc ../../libDaisy//build\libdaisy.a(codec_wm8731.o)
                0x0800171c                daisy::Wm8731::Init(daisy::Wm8731::Config const&, daisy::I2CHandle)
 .text._ZN11SdramHandle10DeviceInitEv
                0x080018d8       0x98 ../../libDaisy//build\libdaisy.a(sdram.o)
                0x080018d8                SdramHandle::DeviceInit()
 .text._ZN11SdramHandle4InitEv
                0x08001970       0x7c ../../libDaisy//build\libdaisy.a(sdram.o)
                0x08001970                SdramHandle::Init()
 .text.HAL_SDRAM_MspInit
                0x080019ec      0x1a8 ../../libDaisy//build\libdaisy.a(sdram.o)
                0x080019ec                HAL_SDRAM_MspInit
 .text._ZN5daisy11AudioHandle4InitERKNS0_6ConfigENS_9SaiHandleE
                0x08001b94       0x70 ../../libDaisy//build\libdaisy.a(audio.o)
                0x08001b94                daisy::AudioHandle::Init(daisy::AudioHandle::Config const&, daisy::SaiHandle)
 .text._ZNK5daisy11AudioHandle9GetConfigEv
                0x08001c04        0x8 ../../libDaisy//build\libdaisy.a(audio.o)
                0x08001c04                daisy::AudioHandle::GetConfig() const
 .text._ZN5daisy11AudioHandle13GetSampleRateEv
                0x08001c0c        0x8 ../../libDaisy//build\libdaisy.a(audio.o)
                0x08001c0c                daisy::AudioHandle::GetSampleRate()
 .text.startup._GLOBAL__sub_I__ZN5daisy11AudioHandle4Impl4InitENS0_6ConfigENS_9SaiHandleE
                0x08001c14       0x24 ../../libDaisy//build\libdaisy.a(audio.o)
 .text._ZN5daisy9UsbHandleD2Ev
                0x08001c38        0x4 ../../libDaisy//build\libdaisy.a(logger.o)
                0x08001c38                daisy::UsbHandle::~UsbHandle()
                0x08001c38                daisy::UsbHandle::~UsbHandle()
 .text._ZN5daisy6LoggerILNS_17LoggerDestinationE1EE11TransmitBufEv
                0x08001c3c       0x60 ../../libDaisy//build\libdaisy.a(logger.o)
                0x08001c3c                daisy::Logger<(daisy::LoggerDestination)1>::TransmitBuf()
 .text._ZN5daisy6LoggerILNS_17LoggerDestinationE1EE13AppendNewLineEv
                0x08001c9c       0x60 ../../libDaisy//build\libdaisy.a(logger.o)
                0x08001c9c                daisy::Logger<(daisy::LoggerDestination)1>::AppendNewLine()
 .text._ZN5daisy6LoggerILNS_17LoggerDestinationE1EE10PrintLineVEPKcSt9__va_list
                0x08001cfc       0x30 ../../libDaisy//build\libdaisy.a(logger.o)
                0x08001cfc                daisy::Logger<(daisy::LoggerDestination)1>::PrintLineV(char const*, std::__va_list)
 .text._ZN5daisy6LoggerILNS_17LoggerDestinationE1EE9PrintLineEPKcz
                0x08001d2c       0x1c ../../libDaisy//build\libdaisy.a(logger.o)
                0x08001d2c                daisy::Logger<(daisy::LoggerDestination)1>::PrintLine(char const*, ...)
 .text._ZN5daisy6LoggerILNS_17LoggerDestinationE1EE8StartLogEb
                0x08001d48       0x40 ../../libDaisy//build\libdaisy.a(logger.o)
                0x08001d48                daisy::Logger<(daisy::LoggerDestination)1>::StartLog(bool)
 .text.startup._GLOBAL__sub_I__ZN5daisy10LoggerImplILNS_17LoggerDestinationE1EE11usb_handle_E
                0x08001d88       0x2c ../../libDaisy//build\libdaisy.a(logger.o)
 .text.DummyRxCallback
                0x08001db4        0x4 ../../libDaisy//build\libdaisy.a(usb.o)
                0x08001db4                DummyRxCallback
 .text._ZN5daisy9UsbHandle4InitENS0_9UsbPeriphE
                0x08001db8      0x10c ../../libDaisy//build\libdaisy.a(usb.o)
                0x08001db8                daisy::UsbHandle::Init(daisy::UsbHandle::UsbPeriph)
 .text._ZN5daisy9UsbHandle16TransmitInternalEPhj
                0x08001ec4       0x14 ../../libDaisy//build\libdaisy.a(usb.o)
                0x08001ec4                daisy::UsbHandle::TransmitInternal(unsigned char*, unsigned int)
 .text.OTG_FS_EP1_OUT_IRQHandler
                0x08001ed8        0xc ../../libDaisy//build\libdaisy.a(usb.o)
                0x08001ed8                OTG_FS_EP1_OUT_IRQHandler
 .text.OTG_FS_EP1_IN_IRQHandler
                0x08001ee4        0xc ../../libDaisy//build\libdaisy.a(usb.o)
                0x08001ee4                OTG_FS_EP1_IN_IRQHandler
 .text.OTG_FS_IRQHandler
                0x08001ef0        0xc ../../libDaisy//build\libdaisy.a(usb.o)
                0x08001ef0                OTG_FS_IRQHandler
 .text._ZN5daisy16AdcChannelConfig10InitSingleE12dsy_gpio_pinNS0_15ConversionSpeedE
                0x08001efc       0x28 ../../libDaisy//build\libdaisy.a(adc.o)
                0x08001efc                daisy::AdcChannelConfig::InitSingle(dsy_gpio_pin, daisy::AdcChannelConfig::ConversionSpeed)
 .text._ZN5daisy9AdcHandle4InitEPNS_16AdcChannelConfigEjNS0_12OverSamplingE
                0x08001f24      0x41c ../../libDaisy//build\libdaisy.a(adc.o)
                0x08001f24                daisy::AdcHandle::Init(daisy::AdcChannelConfig*, unsigned int, daisy::AdcHandle::OverSampling)
 .text._ZN5daisy9AdcHandle5StartEv
                0x08002340       0x2c ../../libDaisy//build\libdaisy.a(adc.o)
                0x08002340                daisy::AdcHandle::Start()
 .text._ZNK5daisy9AdcHandle8GetFloatEh
                0x0800236c       0x20 ../../libDaisy//build\libdaisy.a(adc.o)
                0x0800236c                daisy::AdcHandle::GetFloat(unsigned char) const
 .text.HAL_ADC_MspInit
                0x0800238c       0x98 ../../libDaisy//build\libdaisy.a(adc.o)
                0x0800238c                HAL_ADC_MspInit
 .text.DMA1_Stream2_IRQHandler
                0x08002424        0xc ../../libDaisy//build\libdaisy.a(adc.o)
                0x08002424                DMA1_Stream2_IRQHandler
 .text.HAL_ADC_ConvCpltCallback
                0x08002430      0x148 ../../libDaisy//build\libdaisy.a(adc.o)
                0x08002430                HAL_ADC_ConvCpltCallback
 .text.HAL_ADC_ErrorCallback
                0x08002578        0x4 ../../libDaisy//build\libdaisy.a(adc.o)
                0x08002578                HAL_ADC_ErrorCallback
 .text._ZN5daisy4GPIO4InitENS_3PinENS0_4ModeENS0_4PullENS0_5SpeedE
                0x0800257c      0x1cc ../../libDaisy//build\libdaisy.a(gpio.o)
                0x0800257c                daisy::GPIO::Init(daisy::Pin, daisy::GPIO::Mode, daisy::GPIO::Pull, daisy::GPIO::Speed)
 .text._ZN5daisy4GPIO4ReadEv
                0x08002748       0x18 ../../libDaisy//build\libdaisy.a(gpio.o)
                0x08002748                daisy::GPIO::Read()
 .text._ZN5daisy4GPIO5WriteEb
                0x08002760       0x14 ../../libDaisy//build\libdaisy.a(gpio.o)
                0x08002760                daisy::GPIO::Write(bool)
 .text.dsy_gpio_init
                0x08002774      0x1b8 ../../libDaisy//build\libdaisy.a(gpio.o)
                0x08002774                dsy_gpio_init
 .text.dsy_gpio_write
                0x0800292c       0x24 ../../libDaisy//build\libdaisy.a(gpio.o)
                0x0800292c                dsy_gpio_write
 .text._ZN5daisy9I2CHandle4Impl8InitPinsEv
                0x08002950       0x58 ../../libDaisy//build\libdaisy.a(i2c.o)
                0x08002950                daisy::I2CHandle::Impl::InitPins()
 .text.HAL_I2C_MspInit
                0x080029a8      0x1b4 ../../libDaisy//build\libdaisy.a(i2c.o)
                0x080029a8                HAL_I2C_MspInit
 .text.dsy_i2c_global_init
                0x08002b5c       0x78 ../../libDaisy//build\libdaisy.a(i2c.o)
                0x08002b5c                dsy_i2c_global_init
 .text.DMA1_Stream6_IRQHandler
                0x08002bd4       0x34 ../../libDaisy//build\libdaisy.a(i2c.o)
                0x08002bd4                DMA1_Stream6_IRQHandler
 .text.I2C1_EV_IRQHandler
                0x08002c08        0xc ../../libDaisy//build\libdaisy.a(i2c.o)
                0x08002c08                I2C1_EV_IRQHandler
 .text.I2C2_EV_IRQHandler
                0x08002c14        0xc ../../libDaisy//build\libdaisy.a(i2c.o)
                0x08002c14                I2C2_EV_IRQHandler
 .text.I2C3_EV_IRQHandler
                0x08002c20        0xc ../../libDaisy//build\libdaisy.a(i2c.o)
                0x08002c20                I2C3_EV_IRQHandler
 .text._ZN5daisy9I2CHandle4InitERKNS0_6ConfigE
                0x08002c2c      0x12c ../../libDaisy//build\libdaisy.a(i2c.o)
                0x08002c2c                daisy::I2CHandle::Init(daisy::I2CHandle::Config const&)
 .text._ZN5daisy9I2CHandle16TransmitBlockingEtPhtm
                0x08002d58       0x50 ../../libDaisy//build\libdaisy.a(i2c.o)
                0x08002d58                daisy::I2CHandle::TransmitBlocking(unsigned short, unsigned char*, unsigned short, unsigned long)
 .text.startup._GLOBAL__sub_I__ZN5daisy9I2CHandle4Impl10GlobalInitEv
                0x08002da8       0x18 ../../libDaisy//build\libdaisy.a(i2c.o)
 .text._ZN5daisy10QSPIHandle4Impl11WriteEnableEv
                0x08002dc0       0x8c ../../libDaisy//build\libdaisy.a(qspi.o)
                0x08002dc0                daisy::QSPIHandle::Impl::WriteEnable()
 *fill*         0x08002e4c        0x4 
 .text._ZN5daisy10QSPIHandle4Impl17DummyCyclesConfigENS0_6Config6DeviceE
                0x08002e50      0x118 ../../libDaisy//build\libdaisy.a(qspi.o)
                0x08002e50                daisy::QSPIHandle::Impl::DummyCyclesConfig(daisy::QSPIHandle::Config::Device)
 .text._ZN5daisy10QSPIHandle4Impl10QuadEnableEv
                0x08002f68      0x158 ../../libDaisy//build\libdaisy.a(qspi.o)
                0x08002f68                daisy::QSPIHandle::Impl::QuadEnable()
 .text._ZN5daisy10QSPIHandle4InitERKNS0_6ConfigE
                0x080030c0      0x198 ../../libDaisy//build\libdaisy.a(qspi.o)
                0x080030c0                daisy::QSPIHandle::Init(daisy::QSPIHandle::Config const&)
 .text.HAL_QSPI_MspInit
                0x08003258      0x11c ../../libDaisy//build\libdaisy.a(qspi.o)
                0x08003258                HAL_QSPI_MspInit
 .text.HAL_QSPI_MspDeInit
                0x08003374       0x54 ../../libDaisy//build\libdaisy.a(qspi.o)
                0x08003374                HAL_QSPI_MspDeInit
 .text.QUADSPI_IRQHandler
                0x080033c8        0xc ../../libDaisy//build\libdaisy.a(qspi.o)
                0x080033c8                QUADSPI_IRQHandler
 .text.startup._GLOBAL__sub_I__ZN5daisy10QSPIHandle4Impl4InitERKNS0_6ConfigE
                0x080033d4       0x28 ../../libDaisy//build\libdaisy.a(qspi.o)
 .text._ZN5daisy9SaiHandle4Impl7InitDmaENS1_15PeripheralBlockE
                0x080033fc       0xa0 ../../libDaisy//build\libdaisy.a(sai.o)
                0x080033fc                daisy::SaiHandle::Impl::InitDma(daisy::SaiHandle::Impl::PeripheralBlock)
 .text._ZN5daisy9SaiHandle4Impl8InitPinsEv
                0x0800349c       0xa8 ../../libDaisy//build\libdaisy.a(sai.o)
                0x0800349c                daisy::SaiHandle::Impl::InitPins()
 .text.HAL_SAI_MspInit
                0x08003544      0x164 ../../libDaisy//build\libdaisy.a(sai.o)
                0x08003544                HAL_SAI_MspInit
 .text.DMA1_Stream0_IRQHandler
                0x080036a8        0xc ../../libDaisy//build\libdaisy.a(sai.o)
                0x080036a8                DMA1_Stream0_IRQHandler
 .text.DMA1_Stream1_IRQHandler
                0x080036b4        0xc ../../libDaisy//build\libdaisy.a(sai.o)
                0x080036b4                DMA1_Stream1_IRQHandler
 .text.DMA1_Stream3_IRQHandler
                0x080036c0        0xc ../../libDaisy//build\libdaisy.a(sai.o)
                0x080036c0                DMA1_Stream3_IRQHandler
 .text.DMA1_Stream4_IRQHandler
                0x080036cc        0xc ../../libDaisy//build\libdaisy.a(sai.o)
                0x080036cc                DMA1_Stream4_IRQHandler
 .text._ZN5daisy9SaiHandle4InitERKNS0_6ConfigE
                0x080036d8      0x1f0 ../../libDaisy//build\libdaisy.a(sai.o)
                0x080036d8                daisy::SaiHandle::Init(daisy::SaiHandle::Config const&)
 .text._ZNK5daisy9SaiHandle9GetConfigEv
                0x080038c8        0x4 ../../libDaisy//build\libdaisy.a(sai.o)
                0x080038c8                daisy::SaiHandle::GetConfig() const
 .text._ZN5daisy9SaiHandle13GetSampleRateEv
                0x080038cc       0x24 ../../libDaisy//build\libdaisy.a(sai.o)
                0x080038cc                daisy::SaiHandle::GetSampleRate()
 .text.HAL_TIM_Base_MspInit
                0x080038f0      0x1e0 ../../libDaisy//build\libdaisy.a(tim.o)
                0x080038f0                HAL_TIM_Base_MspInit
 .text.HAL_TIM_PeriodElapsedCallback
                0x08003ad0       0x44 ../../libDaisy//build\libdaisy.a(tim.o)
                0x08003ad0                HAL_TIM_PeriodElapsedCallback
 .text.TIM2_IRQHandler
                0x08003b14        0xc ../../libDaisy//build\libdaisy.a(tim.o)
                0x08003b14                TIM2_IRQHandler
 .text.TIM3_IRQHandler
                0x08003b20        0xc ../../libDaisy//build\libdaisy.a(tim.o)
                0x08003b20                TIM3_IRQHandler
 .text.TIM4_IRQHandler
                0x08003b2c        0xc ../../libDaisy//build\libdaisy.a(tim.o)
                0x08003b2c                TIM4_IRQHandler
 .text.TIM5_IRQHandler
                0x08003b38        0xc ../../libDaisy//build\libdaisy.a(tim.o)
                0x08003b38                TIM5_IRQHandler
 .text._ZN5daisy11TimerHandle4InitERKNS0_6ConfigE
                0x08003b44       0xd0 ../../libDaisy//build\libdaisy.a(tim.o)
                0x08003b44                daisy::TimerHandle::Init(daisy::TimerHandle::Config const&)
 .text._ZN5daisy11TimerHandle5StartEv
                0x08003c14       0x24 ../../libDaisy//build\libdaisy.a(tim.o)
                0x08003c14                daisy::TimerHandle::Start()
 .text._ZN5daisy11TimerHandle12SetPrescalerEm
                0x08003c38        0xc ../../libDaisy//build\libdaisy.a(tim.o)
                0x08003c38                daisy::TimerHandle::SetPrescaler(unsigned long)
 .text._ZN5daisy11TimerHandle11SetCallbackEPFvPvES1_
                0x08003c44        0xc ../../libDaisy//build\libdaisy.a(tim.o)
                0x08003c44                daisy::TimerHandle::SetCallback(void (*)(void*), void*)
 .text.startup._GLOBAL__sub_I__ZN5daisy11TimerHandle4Impl4InitERKNS0_6ConfigE
                0x08003c50       0x38 ../../libDaisy//build\libdaisy.a(tim.o)
 .text._ZN5daisy11TimerHandleD2Ev
                0x08003c88        0x4 ../../libDaisy//build\libdaisy.a(system.o)
                0x08003c88                daisy::TimerHandle::~TimerHandle()
                0x08003c88                daisy::TimerHandle::~TimerHandle()
 .text.SysTick_Handler
                0x08003c8c       0x10 ../../libDaisy//build\libdaisy.a(system.o)
                0x08003c8c                SysTick_Handler
 .text.OTG_HS_EP1_OUT_IRQHandler
                0x08003c9c       0x24 ../../libDaisy//build\libdaisy.a(system.o)
                0x08003c9c                OTG_HS_EP1_OUT_IRQHandler
 .text.OTG_HS_EP1_IN_IRQHandler
                0x08003cc0       0x24 ../../libDaisy//build\libdaisy.a(system.o)
                0x08003cc0                OTG_HS_EP1_IN_IRQHandler
 .text.OTG_HS_IRQHandler
                0x08003ce4       0x24 ../../libDaisy//build\libdaisy.a(system.o)
                0x08003ce4                OTG_HS_IRQHandler
 .text.HardFault_Handler
                0x08003d08       0xe0 ../../libDaisy//build\libdaisy.a(system.o)
                0x08003d08                HardFault_Handler
 .text._ZN5daisy6System5DelayEm
                0x08003de8        0x4 ../../libDaisy//build\libdaisy.a(system.o)
                0x08003de8                daisy::System::Delay(unsigned long)
 .text._ZN5daisy6System20GetBootloaderVersionEv
                0x08003dec       0x34 ../../libDaisy//build\libdaisy.a(system.o)
                0x08003dec                daisy::System::GetBootloaderVersion()
 .text._ZN5daisy6System15ConfigureClocksEv
                0x08003e20      0x194 ../../libDaisy//build\libdaisy.a(system.o)
                0x08003e20                daisy::System::ConfigureClocks()
 .text._ZN5daisy6System12ConfigureMpuEv
                0x08003fb4       0x7c ../../libDaisy//build\libdaisy.a(system.o)
                0x08003fb4                daisy::System::ConfigureMpu()
 .text._ZN5daisy6System4InitERKNS0_6ConfigE
                0x08004030       0xec ../../libDaisy//build\libdaisy.a(system.o)
                0x08004030                daisy::System::Init(daisy::System::Config const&)
 .text._ZN5daisy6System12GetPClk1FreqEv
                0x0800411c        0x4 ../../libDaisy//build\libdaisy.a(system.o)
                0x0800411c                daisy::System::GetPClk1Freq()
 .text._ZN5daisy6System22GetProgramMemoryRegionEv
                0x08004120       0x78 ../../libDaisy//build\libdaisy.a(system.o)
                0x08004120                daisy::System::GetProgramMemoryRegion()
 .text.startup._GLOBAL__sub_I__ZN5daisy9boot_infoE
                0x08004198       0x1c ../../libDaisy//build\libdaisy.a(system.o)
 .text.SystemInit
                0x080041b4       0x9c ../../libDaisy//build\libdaisy.a(system_stm32h7xx.o)
                0x080041b4                SystemInit
 .text.dummy_rx_callback
                0x08004250        0x4 ../../libDaisy//build\libdaisy.a(usbd_cdc_if.o)
                0x08004250                dummy_rx_callback
 .text.CDC_DeInit_FS
                0x08004254        0x4 ../../libDaisy//build\libdaisy.a(usbd_cdc_if.o)
 .text.CDC_Receive_FS
                0x08004258       0x2c ../../libDaisy//build\libdaisy.a(usbd_cdc_if.o)
 .text.CDC_Receive_HS
                0x08004284       0x2c ../../libDaisy//build\libdaisy.a(usbd_cdc_if.o)
 .text.CDC_Init_FS
                0x080042b0       0x3c ../../libDaisy//build\libdaisy.a(usbd_cdc_if.o)
 .text.CDC_Init_HS
                0x080042ec       0x3c ../../libDaisy//build\libdaisy.a(usbd_cdc_if.o)
 .text.CDC_Control_FS
                0x08004328       0x34 ../../libDaisy//build\libdaisy.a(usbd_cdc_if.o)
 .text.CDC_Control_HS
                0x0800435c       0x34 ../../libDaisy//build\libdaisy.a(usbd_cdc_if.o)
 .text.CDC_DeInit_HS
                0x08004390        0x4 ../../libDaisy//build\libdaisy.a(usbd_cdc_if.o)
 .text.CDC_Transmit_FS
                0x08004394       0x2c ../../libDaisy//build\libdaisy.a(usbd_cdc_if.o)
                0x08004394                CDC_Transmit_FS
 .text.HAL_PCD_MspInit
                0x080043c0      0x144 ../../libDaisy//build\libdaisy.a(usbd_conf.o)
                0x080043c0                HAL_PCD_MspInit
 .text.HAL_PCD_SetupStageCallback
                0x08004504        0xc ../../libDaisy//build\libdaisy.a(usbd_conf.o)
                0x08004504                HAL_PCD_SetupStageCallback
 .text.HAL_PCD_DataOutStageCallback
                0x08004510       0x14 ../../libDaisy//build\libdaisy.a(usbd_conf.o)
                0x08004510                HAL_PCD_DataOutStageCallback
 .text.HAL_PCD_DataInStageCallback
                0x08004524       0x14 ../../libDaisy//build\libdaisy.a(usbd_conf.o)
                0x08004524                HAL_PCD_DataInStageCallback
 .text.HAL_PCD_SOFCallback
                0x08004538        0x8 ../../libDaisy//build\libdaisy.a(usbd_conf.o)
                0x08004538                HAL_PCD_SOFCallback
 .text.HAL_PCD_ResetCallback
                0x08004540       0x24 ../../libDaisy//build\libdaisy.a(usbd_conf.o)
                0x08004540                HAL_PCD_ResetCallback
 .text.HAL_PCD_SuspendCallback
                0x08004564       0x30 ../../libDaisy//build\libdaisy.a(usbd_conf.o)
                0x08004564                HAL_PCD_SuspendCallback
 .text.HAL_PCD_ResumeCallback
                0x08004594        0x8 ../../libDaisy//build\libdaisy.a(usbd_conf.o)
                0x08004594                HAL_PCD_ResumeCallback
 .text.HAL_PCD_ISOOUTIncompleteCallback
                0x0800459c        0x8 ../../libDaisy//build\libdaisy.a(usbd_conf.o)
                0x0800459c                HAL_PCD_ISOOUTIncompleteCallback
 .text.HAL_PCD_ISOINIncompleteCallback
                0x080045a4        0x8 ../../libDaisy//build\libdaisy.a(usbd_conf.o)
                0x080045a4                HAL_PCD_ISOINIncompleteCallback
 .text.HAL_PCD_ConnectCallback
                0x080045ac        0x8 ../../libDaisy//build\libdaisy.a(usbd_conf.o)
                0x080045ac                HAL_PCD_ConnectCallback
 .text.HAL_PCD_DisconnectCallback
                0x080045b4        0x8 ../../libDaisy//build\libdaisy.a(usbd_conf.o)
                0x080045b4                HAL_PCD_DisconnectCallback
 .text.USBD_LL_Init
                0x080045bc       0xe4 ../../libDaisy//build\libdaisy.a(usbd_conf.o)
                0x080045bc                USBD_LL_Init
 .text.USBD_LL_Start
                0x080046a0       0x1c ../../libDaisy//build\libdaisy.a(usbd_conf.o)
                0x080046a0                USBD_LL_Start
 .text.USBD_LL_OpenEP
                0x080046bc       0x24 ../../libDaisy//build\libdaisy.a(usbd_conf.o)
                0x080046bc                USBD_LL_OpenEP
 .text.USBD_LL_CloseEP
                0x080046e0       0x1c ../../libDaisy//build\libdaisy.a(usbd_conf.o)
                0x080046e0                USBD_LL_CloseEP
 .text.USBD_LL_StallEP
                0x080046fc       0x1c ../../libDaisy//build\libdaisy.a(usbd_conf.o)
                0x080046fc                USBD_LL_StallEP
 .text.USBD_LL_ClearStallEP
                0x08004718       0x1c ../../libDaisy//build\libdaisy.a(usbd_conf.o)
                0x08004718                USBD_LL_ClearStallEP
 .text.USBD_LL_IsStallEP
                0x08004734       0x28 ../../libDaisy//build\libdaisy.a(usbd_conf.o)
                0x08004734                USBD_LL_IsStallEP
 .text.USBD_LL_SetUSBAddress
                0x0800475c       0x1c ../../libDaisy//build\libdaisy.a(usbd_conf.o)
                0x0800475c                USBD_LL_SetUSBAddress
 .text.USBD_LL_Transmit
                0x08004778       0x1c ../../libDaisy//build\libdaisy.a(usbd_conf.o)
                0x08004778                USBD_LL_Transmit
 .text.USBD_LL_PrepareReceive
                0x08004794       0x1c ../../libDaisy//build\libdaisy.a(usbd_conf.o)
                0x08004794                USBD_LL_PrepareReceive
 .text.USBD_LL_GetRxDataSize
                0x080047b0        0x8 ../../libDaisy//build\libdaisy.a(usbd_conf.o)
                0x080047b0                USBD_LL_GetRxDataSize
 .text.USBD_HS_DeviceDescriptor
                0x080047b8        0xc ../../libDaisy//build\libdaisy.a(usbd_desc.o)
                0x080047b8                USBD_HS_DeviceDescriptor
 .text.USBD_FS_DeviceDescriptor
                0x080047c4        0xc ../../libDaisy//build\libdaisy.a(usbd_desc.o)
                0x080047c4                USBD_FS_DeviceDescriptor
 .text.USBD_FS_LangIDStrDescriptor
                0x080047d0        0xc ../../libDaisy//build\libdaisy.a(usbd_desc.o)
                0x080047d0                USBD_FS_LangIDStrDescriptor
 .text.USBD_FS_ManufacturerStrDescriptor
                0x080047dc       0x1c ../../libDaisy//build\libdaisy.a(usbd_desc.o)
                0x080047dc                USBD_FS_ManufacturerStrDescriptor
 .text.USBD_HS_ProductStrDescriptor
                0x080047f8       0x1c ../../libDaisy//build\libdaisy.a(usbd_desc.o)
                0x080047f8                USBD_HS_ProductStrDescriptor
 .text.USBD_FS_ConfigStrDescriptor
                0x08004814       0x1c ../../libDaisy//build\libdaisy.a(usbd_desc.o)
                0x08004814                USBD_FS_ConfigStrDescriptor
 .text.USBD_FS_InterfaceStrDescriptor
                0x08004830       0x1c ../../libDaisy//build\libdaisy.a(usbd_desc.o)
                0x08004830                USBD_FS_InterfaceStrDescriptor
 .text.USBD_FS_ProductStrDescriptor
                0x0800484c       0x1c ../../libDaisy//build\libdaisy.a(usbd_desc.o)
                0x0800484c                USBD_FS_ProductStrDescriptor
 .text.USBD_HS_LangIDStrDescriptor
                0x08004868        0xc ../../libDaisy//build\libdaisy.a(usbd_desc.o)
                0x08004868                USBD_HS_LangIDStrDescriptor
 .text.USBD_HS_ManufacturerStrDescriptor
                0x08004874       0x1c ../../libDaisy//build\libdaisy.a(usbd_desc.o)
                0x08004874                USBD_HS_ManufacturerStrDescriptor
 .text.USBD_FS_SerialStrDescriptor
                0x08004890      0x124 ../../libDaisy//build\libdaisy.a(usbd_desc.o)
                0x08004890                USBD_FS_SerialStrDescriptor
 .text.USBD_HS_SerialStrDescriptor
                0x080049b4      0x124 ../../libDaisy//build\libdaisy.a(usbd_desc.o)
                0x080049b4                USBD_HS_SerialStrDescriptor
 .text.USBD_HS_InterfaceStrDescriptor
                0x08004ad8       0x1c ../../libDaisy//build\libdaisy.a(usbd_desc.o)
                0x08004ad8                USBD_HS_InterfaceStrDescriptor
 .text.USBD_HS_ConfigStrDescriptor
                0x08004af4       0x1c ../../libDaisy//build\libdaisy.a(usbd_desc.o)
                0x08004af4                USBD_HS_ConfigStrDescriptor
 .text.HAL_HCD_SOF_Callback
                0x08004b10        0x8 ../../libDaisy//build\libdaisy.a(usbh_conf.o)
                0x08004b10                HAL_HCD_SOF_Callback
 .text.HAL_HCD_Connect_Callback
                0x08004b18        0x8 ../../libDaisy//build\libdaisy.a(usbh_conf.o)
                0x08004b18                HAL_HCD_Connect_Callback
 .text.HAL_HCD_Disconnect_Callback
                0x08004b20        0x8 ../../libDaisy//build\libdaisy.a(usbh_conf.o)
                0x08004b20                HAL_HCD_Disconnect_Callback
 .text.HAL_HCD_HC_NotifyURBChange_Callback
                0x08004b28        0x4 ../../libDaisy//build\libdaisy.a(usbh_conf.o)
                0x08004b28                HAL_HCD_HC_NotifyURBChange_Callback
 .text.HAL_HCD_PortEnabled_Callback
                0x08004b2c        0x8 ../../libDaisy//build\libdaisy.a(usbh_conf.o)
                0x08004b2c                HAL_HCD_PortEnabled_Callback
 .text.HAL_HCD_PortDisabled_Callback
                0x08004b34        0x8 ../../libDaisy//build\libdaisy.a(usbh_conf.o)
                0x08004b34                HAL_HCD_PortDisabled_Callback
 .text.USBH_LL_Stop
                0x08004b3c       0x1c ../../libDaisy//build\libdaisy.a(usbh_conf.o)
                0x08004b3c                USBH_LL_Stop
 .text.dsy_hal_map_get_port
                0x08004b58       0x10 ../../libDaisy//build\libdaisy.a(hal_map.o)
                0x08004b58                dsy_hal_map_get_port
 .text.dsy_hal_map_get_pin
                0x08004b68       0x10 ../../libDaisy//build\libdaisy.a(hal_map.o)
                0x08004b68                dsy_hal_map_get_pin
 .text.dsy_hal_map_gpio_clk_enable
                0x08004b78      0x150 ../../libDaisy//build\libdaisy.a(hal_map.o)
                0x08004b78                dsy_hal_map_gpio_clk_enable
 .text.HAL_MspInit
                0x08004cc8        0x4 ../../libDaisy//build\libdaisy.a(stm32h7xx_hal.o)
                0x08004cc8                HAL_MspInit
 .text.HAL_InitTick
                0x08004ccc       0x4c ../../libDaisy//build\libdaisy.a(stm32h7xx_hal.o)
                0x08004ccc                HAL_InitTick
 .text.HAL_Init
                0x08004d18       0x60 ../../libDaisy//build\libdaisy.a(stm32h7xx_hal.o)
                0x08004d18                HAL_Init
 .text.HAL_IncTick
                0x08004d78       0x18 ../../libDaisy//build\libdaisy.a(stm32h7xx_hal.o)
                0x08004d78                HAL_IncTick
 .text.HAL_GetTick
                0x08004d90        0xc ../../libDaisy//build\libdaisy.a(stm32h7xx_hal.o)
                0x08004d90                HAL_GetTick
 .text.HAL_Delay
                0x08004d9c       0x24 ../../libDaisy//build\libdaisy.a(stm32h7xx_hal.o)
                0x08004d9c                HAL_Delay
 .text.HAL_GetREVID
                0x08004dc0        0xc ../../libDaisy//build\libdaisy.a(stm32h7xx_hal.o)
                0x08004dc0                HAL_GetREVID
 .text.HAL_ADC_ConvHalfCpltCallback
                0x08004dcc        0x4 ../../libDaisy//build\libdaisy.a(stm32h7xx_hal_adc.o)
                0x08004dcc                HAL_ADC_ConvHalfCpltCallback
 .text.ADC_DMAHalfConvCplt
                0x08004dd0        0xc ../../libDaisy//build\libdaisy.a(stm32h7xx_hal_adc.o)
                0x08004dd0                ADC_DMAHalfConvCplt
 .text.ADC_DMAConvCplt
                0x08004ddc       0x6c ../../libDaisy//build\libdaisy.a(stm32h7xx_hal_adc.o)
                0x08004ddc                ADC_DMAConvCplt
 .text.ADC_DMAError
                0x08004e48       0x1c ../../libDaisy//build\libdaisy.a(stm32h7xx_hal_adc.o)
                0x08004e48                ADC_DMAError
 .text.HAL_ADC_ConfigChannel
                0x08004e64      0x3fc ../../libDaisy//build\libdaisy.a(stm32h7xx_hal_adc.o)
                0x08004e64                HAL_ADC_ConfigChannel
 .text.ADC_Enable
                0x08005260       0xac ../../libDaisy//build\libdaisy.a(stm32h7xx_hal_adc.o)
                0x08005260                ADC_Enable
 .text.HAL_ADC_Start_DMA
                0x0800530c      0x114 ../../libDaisy//build\libdaisy.a(stm32h7xx_hal_adc.o)
                0x0800530c                HAL_ADC_Start_DMA
 .text.ADC_Disable
                0x08005420       0x68 ../../libDaisy//build\libdaisy.a(stm32h7xx_hal_adc.o)
                0x08005420                ADC_Disable
 .text.ADC_ConfigureBoostMode
                0x08005488      0x184 ../../libDaisy//build\libdaisy.a(stm32h7xx_hal_adc.o)
                0x08005488                ADC_ConfigureBoostMode
 .text.HAL_ADC_Init
                0x0800560c      0x218 ../../libDaisy//build\libdaisy.a(stm32h7xx_hal_adc.o)
                0x0800560c                HAL_ADC_Init
 .text.HAL_ADCEx_Calibration_Start
                0x08005824       0xa4 ../../libDaisy//build\libdaisy.a(stm32h7xx_hal_adc_ex.o)
                0x08005824                HAL_ADCEx_Calibration_Start
 .text.HAL_ADCEx_MultiModeConfigChannel
                0x080058c8       0xc4 ../../libDaisy//build\libdaisy.a(stm32h7xx_hal_adc_ex.o)
                0x080058c8                HAL_ADCEx_MultiModeConfigChannel
 .text.HAL_NVIC_SetPriorityGrouping
                0x0800598c       0x24 ../../libDaisy//build\libdaisy.a(stm32h7xx_hal_cortex.o)
                0x0800598c                HAL_NVIC_SetPriorityGrouping
 .text.HAL_NVIC_SetPriority
                0x080059b0       0x7c ../../libDaisy//build\libdaisy.a(stm32h7xx_hal_cortex.o)
                0x080059b0                HAL_NVIC_SetPriority
 .text.HAL_NVIC_EnableIRQ
                0x08005a2c       0x1c ../../libDaisy//build\libdaisy.a(stm32h7xx_hal_cortex.o)
                0x08005a2c                HAL_NVIC_EnableIRQ
 .text.HAL_NVIC_DisableIRQ
                0x08005a48       0x28 ../../libDaisy//build\libdaisy.a(stm32h7xx_hal_cortex.o)
                0x08005a48                HAL_NVIC_DisableIRQ
 .text.HAL_SYSTICK_Config
                0x08005a70       0x2c ../../libDaisy//build\libdaisy.a(stm32h7xx_hal_cortex.o)
                0x08005a70                HAL_SYSTICK_Config
 .text.HAL_MPU_Disable
                0x08005a9c       0x1c ../../libDaisy//build\libdaisy.a(stm32h7xx_hal_cortex.o)
                0x08005a9c                HAL_MPU_Disable
 .text.HAL_MPU_Enable
                0x08005ab8       0x20 ../../libDaisy//build\libdaisy.a(stm32h7xx_hal_cortex.o)
                0x08005ab8                HAL_MPU_Enable
 .text.HAL_MPU_ConfigRegion
                0x08005ad8       0x64 ../../libDaisy//build\libdaisy.a(stm32h7xx_hal_cortex.o)
                0x08005ad8                HAL_MPU_ConfigRegion
 .text.HAL_SYSTICK_Callback
                0x08005b3c        0x4 ../../libDaisy//build\libdaisy.a(stm32h7xx_hal_cortex.o)
                0x08005b3c                HAL_SYSTICK_Callback
 .text.HAL_SYSTICK_IRQHandler
                0x08005b40        0x8 ../../libDaisy//build\libdaisy.a(stm32h7xx_hal_cortex.o)
                0x08005b40                HAL_SYSTICK_IRQHandler
 .text.DMA_CalcBaseAndBitshift
                0x08005b48       0xf4 ../../libDaisy//build\libdaisy.a(stm32h7xx_hal_dma.o)
 .text.DMA_CalcDMAMUXChannelBaseAndMask
                0x08005c3c       0xd8 ../../libDaisy//build\libdaisy.a(stm32h7xx_hal_dma.o)
 .text.HAL_DMA_Init
                0x08005d14      0x37c ../../libDaisy//build\libdaisy.a(stm32h7xx_hal_dma.o)
                0x08005d14                HAL_DMA_Init
 .text.HAL_DMA_Start_IT
                0x08006090      0x240 ../../libDaisy//build\libdaisy.a(stm32h7xx_hal_dma.o)
                0x08006090                HAL_DMA_Start_IT
 .text.HAL_DMA_Abort_IT
                0x080062d0      0x134 ../../libDaisy//build\libdaisy.a(stm32h7xx_hal_dma.o)
                0x080062d0                HAL_DMA_Abort_IT
 .text.HAL_DMA_IRQHandler
                0x08006404      0x6a0 ../../libDaisy//build\libdaisy.a(stm32h7xx_hal_dma.o)
                0x08006404                HAL_DMA_IRQHandler
 .text.HAL_DMA_GetError
                0x08006aa4        0x4 ../../libDaisy//build\libdaisy.a(stm32h7xx_hal_dma.o)
                0x08006aa4                HAL_DMA_GetError
 .text.HAL_GPIO_Init
                0x08006aa8      0x280 ../../libDaisy//build\libdaisy.a(stm32h7xx_hal_gpio.o)
                0x08006aa8                HAL_GPIO_Init
 .text.HAL_GPIO_DeInit
                0x08006d28      0x190 ../../libDaisy//build\libdaisy.a(stm32h7xx_hal_gpio.o)
                0x08006d28                HAL_GPIO_DeInit
 .text.HAL_GPIO_ReadPin
                0x08006eb8        0xc ../../libDaisy//build\libdaisy.a(stm32h7xx_hal_gpio.o)
                0x08006eb8                HAL_GPIO_ReadPin
 .text.HAL_GPIO_WritePin
                0x08006ec4        0x8 ../../libDaisy//build\libdaisy.a(stm32h7xx_hal_gpio.o)
                0x08006ec4                HAL_GPIO_WritePin
 .text.HAL_HCD_IRQHandler
                0x08006ecc      0x780 ../../libDaisy//build\libdaisy.a(stm32h7xx_hal_hcd.o)
                0x08006ecc                HAL_HCD_IRQHandler
 .text.HAL_HCD_Stop
                0x0800764c       0x28 ../../libDaisy//build\libdaisy.a(stm32h7xx_hal_hcd.o)
                0x0800764c                HAL_HCD_Stop
 .text.I2C_WaitOnTXISFlagUntilTimeout
                0x08007674       0xb8 ../../libDaisy//build\libdaisy.a(stm32h7xx_hal_i2c.o)
 .text.I2C_WaitOnSTOPFlagUntilTimeout
                0x0800772c       0xac ../../libDaisy//build\libdaisy.a(stm32h7xx_hal_i2c.o)
 .text.HAL_I2C_Init
                0x080077d8       0xac ../../libDaisy//build\libdaisy.a(stm32h7xx_hal_i2c.o)
                0x080077d8                HAL_I2C_Init
 .text.HAL_I2C_Master_Transmit
                0x08007884      0x1a8 ../../libDaisy//build\libdaisy.a(stm32h7xx_hal_i2c.o)
                0x08007884                HAL_I2C_Master_Transmit
 .text.HAL_I2C_Slave_Transmit
                0x08007a2c      0x1c8 ../../libDaisy//build\libdaisy.a(stm32h7xx_hal_i2c.o)
                0x08007a2c                HAL_I2C_Slave_Transmit
 .text.HAL_I2C_EV_IRQHandler
                0x08007bf4       0x10 ../../libDaisy//build\libdaisy.a(stm32h7xx_hal_i2c.o)
                0x08007bf4                HAL_I2C_EV_IRQHandler
 .text.HAL_I2C_GetState
                0x08007c04        0x8 ../../libDaisy//build\libdaisy.a(stm32h7xx_hal_i2c.o)
                0x08007c04                HAL_I2C_GetState
 .text.HAL_I2CEx_ConfigAnalogFilter
                0x08007c0c       0x54 ../../libDaisy//build\libdaisy.a(stm32h7xx_hal_i2c_ex.o)
                0x08007c0c                HAL_I2CEx_ConfigAnalogFilter
 .text.HAL_I2CEx_ConfigDigitalFilter
                0x08007c60       0x58 ../../libDaisy//build\libdaisy.a(stm32h7xx_hal_i2c_ex.o)
                0x08007c60                HAL_I2CEx_ConfigDigitalFilter
 .text.HAL_PCD_Init
                0x08007cb8      0x12c ../../libDaisy//build\libdaisy.a(stm32h7xx_hal_pcd.o)
                0x08007cb8                HAL_PCD_Init
 .text.HAL_PCD_Start
                0x08007de4       0x44 ../../libDaisy//build\libdaisy.a(stm32h7xx_hal_pcd.o)
                0x08007de4                HAL_PCD_Start
 .text.HAL_PCD_IRQHandler
                0x08007e28      0x69c ../../libDaisy//build\libdaisy.a(stm32h7xx_hal_pcd.o)
                0x08007e28                HAL_PCD_IRQHandler
 .text.HAL_PCD_SetAddress
                0x080084c4       0x2c ../../libDaisy//build\libdaisy.a(stm32h7xx_hal_pcd.o)
                0x080084c4                HAL_PCD_SetAddress
 .text.HAL_PCD_EP_Open
                0x080084f0       0x7c ../../libDaisy//build\libdaisy.a(stm32h7xx_hal_pcd.o)
                0x080084f0                HAL_PCD_EP_Open
 .text.HAL_PCD_EP_Close
                0x0800856c       0x6c ../../libDaisy//build\libdaisy.a(stm32h7xx_hal_pcd.o)
                0x0800856c                HAL_PCD_EP_Close
 .text.HAL_PCD_EP_Receive
                0x080085d8       0x50 ../../libDaisy//build\libdaisy.a(stm32h7xx_hal_pcd.o)
                0x080085d8                HAL_PCD_EP_Receive
 .text.HAL_PCD_EP_GetRxCount
                0x08008628       0x14 ../../libDaisy//build\libdaisy.a(stm32h7xx_hal_pcd.o)
                0x08008628                HAL_PCD_EP_GetRxCount
 .text.HAL_PCD_EP_Transmit
                0x0800863c       0x50 ../../libDaisy//build\libdaisy.a(stm32h7xx_hal_pcd.o)
                0x0800863c                HAL_PCD_EP_Transmit
 .text.HAL_PCD_EP_SetStall
                0x0800868c       0x88 ../../libDaisy//build\libdaisy.a(stm32h7xx_hal_pcd.o)
                0x0800868c                HAL_PCD_EP_SetStall
 .text.HAL_PCD_EP_ClrStall
                0x08008714       0x78 ../../libDaisy//build\libdaisy.a(stm32h7xx_hal_pcd.o)
                0x08008714                HAL_PCD_EP_ClrStall
 .text.HAL_PCDEx_SetTxFiFo
                0x0800878c       0x54 ../../libDaisy//build\libdaisy.a(stm32h7xx_hal_pcd_ex.o)
                0x0800878c                HAL_PCDEx_SetTxFiFo
 .text.HAL_PCDEx_SetRxFiFo
                0x080087e0        0xc ../../libDaisy//build\libdaisy.a(stm32h7xx_hal_pcd_ex.o)
                0x080087e0                HAL_PCDEx_SetRxFiFo
 .text.HAL_PCDEx_ActivateLPM
                0x080087ec       0x30 ../../libDaisy//build\libdaisy.a(stm32h7xx_hal_pcd_ex.o)
                0x080087ec                HAL_PCDEx_ActivateLPM
 .text.HAL_PCDEx_LPM_Callback
                0x0800881c        0x4 ../../libDaisy//build\libdaisy.a(stm32h7xx_hal_pcd_ex.o)
                0x0800881c                HAL_PCDEx_LPM_Callback
 .text.HAL_PWREx_ConfigSupply
                0x08008820       0x4c ../../libDaisy//build\libdaisy.a(stm32h7xx_hal_pwr_ex.o)
                0x08008820                HAL_PWREx_ConfigSupply
 .text.HAL_PWREx_EnableUSBVoltageDetector
                0x0800886c       0x10 ../../libDaisy//build\libdaisy.a(stm32h7xx_hal_pwr_ex.o)
                0x0800886c                HAL_PWREx_EnableUSBVoltageDetector
 .text.QSPI_Config
                0x0800887c      0x174 ../../libDaisy//build\libdaisy.a(stm32h7xx_hal_qspi.o)
 .text.HAL_QSPI_Init
                0x080089f0       0xd8 ../../libDaisy//build\libdaisy.a(stm32h7xx_hal_qspi.o)
                0x080089f0                HAL_QSPI_Init
 .text.HAL_QSPI_DeInit
                0x08008ac8       0x3c ../../libDaisy//build\libdaisy.a(stm32h7xx_hal_qspi.o)
                0x08008ac8                HAL_QSPI_DeInit
 .text.HAL_QSPI_Command
                0x08008b04       0xd4 ../../libDaisy//build\libdaisy.a(stm32h7xx_hal_qspi.o)
                0x08008b04                HAL_QSPI_Command
 .text.HAL_QSPI_Transmit
                0x08008bd8       0xfc ../../libDaisy//build\libdaisy.a(stm32h7xx_hal_qspi.o)
                0x08008bd8                HAL_QSPI_Transmit
 .text.HAL_QSPI_Receive
                0x08008cd4      0x108 ../../libDaisy//build\libdaisy.a(stm32h7xx_hal_qspi.o)
                0x08008cd4                HAL_QSPI_Receive
 .text.HAL_QSPI_AutoPolling
                0x08008ddc       0xf0 ../../libDaisy//build\libdaisy.a(stm32h7xx_hal_qspi.o)
                0x08008ddc                HAL_QSPI_AutoPolling
 .text.HAL_QSPI_MemoryMapped
                0x08008ecc       0xc0 ../../libDaisy//build\libdaisy.a(stm32h7xx_hal_qspi.o)
                0x08008ecc                HAL_QSPI_MemoryMapped
 .text.HAL_QSPI_ErrorCallback
                0x08008f8c        0x4 ../../libDaisy//build\libdaisy.a(stm32h7xx_hal_qspi.o)
                0x08008f8c                HAL_QSPI_ErrorCallback
 .text.QSPI_DMAAbortCplt
                0x08008f90       0x38 ../../libDaisy//build\libdaisy.a(stm32h7xx_hal_qspi.o)
 .text.HAL_QSPI_AbortCpltCallback
                0x08008fc8        0x4 ../../libDaisy//build\libdaisy.a(stm32h7xx_hal_qspi.o)
                0x08008fc8                HAL_QSPI_AbortCpltCallback
 .text.HAL_QSPI_CmdCpltCallback
                0x08008fcc        0x4 ../../libDaisy//build\libdaisy.a(stm32h7xx_hal_qspi.o)
                0x08008fcc                HAL_QSPI_CmdCpltCallback
 .text.HAL_QSPI_RxCpltCallback
                0x08008fd0        0x4 ../../libDaisy//build\libdaisy.a(stm32h7xx_hal_qspi.o)
                0x08008fd0                HAL_QSPI_RxCpltCallback
 .text.HAL_QSPI_TxCpltCallback
                0x08008fd4        0x4 ../../libDaisy//build\libdaisy.a(stm32h7xx_hal_qspi.o)
                0x08008fd4                HAL_QSPI_TxCpltCallback
 .text.HAL_QSPI_FifoThresholdCallback
                0x08008fd8        0x4 ../../libDaisy//build\libdaisy.a(stm32h7xx_hal_qspi.o)
                0x08008fd8                HAL_QSPI_FifoThresholdCallback
 .text.HAL_QSPI_StatusMatchCallback
                0x08008fdc        0x4 ../../libDaisy//build\libdaisy.a(stm32h7xx_hal_qspi.o)
                0x08008fdc                HAL_QSPI_StatusMatchCallback
 .text.HAL_QSPI_TimeOutCallback
                0x08008fe0        0x4 ../../libDaisy//build\libdaisy.a(stm32h7xx_hal_qspi.o)
                0x08008fe0                HAL_QSPI_TimeOutCallback
 .text.HAL_QSPI_IRQHandler
                0x08008fe4      0x210 ../../libDaisy//build\libdaisy.a(stm32h7xx_hal_qspi.o)
                0x08008fe4                HAL_QSPI_IRQHandler
 .text.HAL_RCC_OscConfig
                0x080091f4      0x51c ../../libDaisy//build\libdaisy.a(stm32h7xx_hal_rcc.o)
                0x080091f4                HAL_RCC_OscConfig
 .text.HAL_RCC_GetSysClockFreq
                0x08009710      0x140 ../../libDaisy//build\libdaisy.a(stm32h7xx_hal_rcc.o)
                0x08009710                HAL_RCC_GetSysClockFreq
 .text.HAL_RCC_ClockConfig
                0x08009850      0x234 ../../libDaisy//build\libdaisy.a(stm32h7xx_hal_rcc.o)
                0x08009850                HAL_RCC_ClockConfig
 .text.HAL_RCC_GetHCLKFreq
                0x08009a84       0x2c ../../libDaisy//build\libdaisy.a(stm32h7xx_hal_rcc.o)
                0x08009a84                HAL_RCC_GetHCLKFreq
 .text.HAL_RCC_GetPCLK1Freq
                0x08009ab0       0x38 ../../libDaisy//build\libdaisy.a(stm32h7xx_hal_rcc.o)
                0x08009ab0                HAL_RCC_GetPCLK1Freq
 .text.HAL_RCC_GetPCLK2Freq
                0x08009ae8       0x38 ../../libDaisy//build\libdaisy.a(stm32h7xx_hal_rcc.o)
                0x08009ae8                HAL_RCC_GetPCLK2Freq
 .text.RCCEx_PLL2_Config
                0x08009b20       0xf4 ../../libDaisy//build\libdaisy.a(stm32h7xx_hal_rcc_ex.o)
 .text.RCCEx_PLL3_Config
                0x08009c14       0xf4 ../../libDaisy//build\libdaisy.a(stm32h7xx_hal_rcc_ex.o)
 .text.HAL_RCCEx_PeriphCLKConfig
                0x08009d08      0xa7c ../../libDaisy//build\libdaisy.a(stm32h7xx_hal_rcc_ex.o)
                0x08009d08                HAL_RCCEx_PeriphCLKConfig
 .text.HAL_RCCEx_GetD3PCLK1Freq
                0x0800a784       0x24 ../../libDaisy//build\libdaisy.a(stm32h7xx_hal_rcc_ex.o)
                0x0800a784                HAL_RCCEx_GetD3PCLK1Freq
 .text.HAL_RCCEx_GetPLL2ClockFreq
                0x0800a7a8      0x17c ../../libDaisy//build\libdaisy.a(stm32h7xx_hal_rcc_ex.o)
                0x0800a7a8                HAL_RCCEx_GetPLL2ClockFreq
 .text.HAL_RCCEx_GetPLL3ClockFreq
                0x0800a924      0x17c ../../libDaisy//build\libdaisy.a(stm32h7xx_hal_rcc_ex.o)
                0x0800a924                HAL_RCCEx_GetPLL3ClockFreq
 .text.HAL_RCCEx_GetPLL1ClockFreq
                0x0800aaa0      0x17c ../../libDaisy//build\libdaisy.a(stm32h7xx_hal_rcc_ex.o)
                0x0800aaa0                HAL_RCCEx_GetPLL1ClockFreq
 .text.HAL_RCCEx_GetPeriphCLKFreq
                0x0800ac1c      0x198 ../../libDaisy//build\libdaisy.a(stm32h7xx_hal_rcc_ex.o)
                0x0800ac1c                HAL_RCCEx_GetPeriphCLKFreq
 .text.HAL_RCCEx_GetD1SysClockFreq
                0x0800adb4       0x2c ../../libDaisy//build\libdaisy.a(stm32h7xx_hal_rcc_ex.o)
                0x0800adb4                HAL_RCCEx_GetD1SysClockFreq
 .text.HAL_SAI_Init.part.0
                0x0800ade0      0x348 ../../libDaisy//build\libdaisy.a(stm32h7xx_hal_sai.o)
 .text.HAL_SAI_InitProtocol
                0x0800b128      0x178 ../../libDaisy//build\libdaisy.a(stm32h7xx_hal_sai.o)
                0x0800b128                HAL_SAI_InitProtocol
 .text.HAL_SDRAM_Init
                0x0800b2a0       0x54 ../../libDaisy//build\libdaisy.a(stm32h7xx_hal_sdram.o)
                0x0800b2a0                HAL_SDRAM_Init
 .text.HAL_SDRAM_SendCommand
                0x0800b2f4       0x40 ../../libDaisy//build\libdaisy.a(stm32h7xx_hal_sdram.o)
                0x0800b2f4                HAL_SDRAM_SendCommand
 .text.HAL_SDRAM_ProgramRefreshRate
                0x0800b334       0x30 ../../libDaisy//build\libdaisy.a(stm32h7xx_hal_sdram.o)
                0x0800b334                HAL_SDRAM_ProgramRefreshRate
 .text.HAL_TIM_Base_Init
                0x0800b364      0x140 ../../libDaisy//build\libdaisy.a(stm32h7xx_hal_tim.o)
                0x0800b364                HAL_TIM_Base_Init
 .text.HAL_TIM_Base_Start
                0x0800b4a4       0x34 ../../libDaisy//build\libdaisy.a(stm32h7xx_hal_tim.o)
                0x0800b4a4                HAL_TIM_Base_Start
 .text.HAL_TIM_Base_Start_IT
                0x0800b4d8       0x2c ../../libDaisy//build\libdaisy.a(stm32h7xx_hal_tim.o)
                0x0800b4d8                HAL_TIM_Base_Start_IT
 .text.HAL_TIM_ConfigClockSource
                0x0800b504      0x17c ../../libDaisy//build\libdaisy.a(stm32h7xx_hal_tim.o)
                0x0800b504                HAL_TIM_ConfigClockSource
 .text.HAL_TIM_OC_DelayElapsedCallback
                0x0800b680        0x4 ../../libDaisy//build\libdaisy.a(stm32h7xx_hal_tim.o)
                0x0800b680                HAL_TIM_OC_DelayElapsedCallback
 .text.HAL_TIM_IC_CaptureCallback
                0x0800b684        0x4 ../../libDaisy//build\libdaisy.a(stm32h7xx_hal_tim.o)
                0x0800b684                HAL_TIM_IC_CaptureCallback
 .text.HAL_TIM_PWM_PulseFinishedCallback
                0x0800b688        0x4 ../../libDaisy//build\libdaisy.a(stm32h7xx_hal_tim.o)
                0x0800b688                HAL_TIM_PWM_PulseFinishedCallback
 .text.HAL_TIM_TriggerCallback
                0x0800b68c        0x4 ../../libDaisy//build\libdaisy.a(stm32h7xx_hal_tim.o)
                0x0800b68c                HAL_TIM_TriggerCallback
 .text.HAL_TIM_IRQHandler
                0x0800b690      0x170 ../../libDaisy//build\libdaisy.a(stm32h7xx_hal_tim.o)
                0x0800b690                HAL_TIM_IRQHandler
 .text.HAL_TIMEx_MasterConfigSynchronization
                0x0800b800       0x64 ../../libDaisy//build\libdaisy.a(stm32h7xx_hal_tim_ex.o)
                0x0800b800                HAL_TIMEx_MasterConfigSynchronization
 .text.HAL_TIMEx_CommutCallback
                0x0800b864        0x4 ../../libDaisy//build\libdaisy.a(stm32h7xx_hal_tim_ex.o)
                0x0800b864                HAL_TIMEx_CommutCallback
 .text.HAL_TIMEx_BreakCallback
                0x0800b868        0x4 ../../libDaisy//build\libdaisy.a(stm32h7xx_hal_tim_ex.o)
                0x0800b868                HAL_TIMEx_BreakCallback
 .text.HAL_TIMEx_Break2Callback
                0x0800b86c        0x4 ../../libDaisy//build\libdaisy.a(stm32h7xx_hal_tim_ex.o)
                0x0800b86c                HAL_TIMEx_Break2Callback
 .text.FMC_SDRAM_Init
                0x0800b870       0x7c ../../libDaisy//build\libdaisy.a(stm32h7xx_ll_fmc.o)
                0x0800b870                FMC_SDRAM_Init
 .text.FMC_SDRAM_Timing_Init
                0x0800b8ec       0x98 ../../libDaisy//build\libdaisy.a(stm32h7xx_ll_fmc.o)
                0x0800b8ec                FMC_SDRAM_Timing_Init
 .text.FMC_SDRAM_SendCommand
                0x0800b984       0x28 ../../libDaisy//build\libdaisy.a(stm32h7xx_ll_fmc.o)
                0x0800b984                FMC_SDRAM_SendCommand
 .text.FMC_SDRAM_ProgramRefreshRate
                0x0800b9ac       0x1c ../../libDaisy//build\libdaisy.a(stm32h7xx_ll_fmc.o)
                0x0800b9ac                FMC_SDRAM_ProgramRefreshRate
 .text.USB_CoreInit
                0x0800b9c8      0x124 ../../libDaisy//build\libdaisy.a(stm32h7xx_ll_usb.o)
                0x0800b9c8                USB_CoreInit
 .text.USB_SetTurnaroundTime
                0x0800baec      0x104 ../../libDaisy//build\libdaisy.a(stm32h7xx_ll_usb.o)
                0x0800baec                USB_SetTurnaroundTime
 .text.USB_EnableGlobalInt
                0x0800bbf0       0x10 ../../libDaisy//build\libdaisy.a(stm32h7xx_ll_usb.o)
                0x0800bbf0                USB_EnableGlobalInt
 .text.USB_DisableGlobalInt
                0x0800bc00       0x10 ../../libDaisy//build\libdaisy.a(stm32h7xx_ll_usb.o)
                0x0800bc00                USB_DisableGlobalInt
 .text.USB_SetCurrentMode
                0x0800bc10       0x30 ../../libDaisy//build\libdaisy.a(stm32h7xx_ll_usb.o)
                0x0800bc10                USB_SetCurrentMode
 .text.USB_DevInit
                0x0800bc40      0x20c ../../libDaisy//build\libdaisy.a(stm32h7xx_ll_usb.o)
                0x0800bc40                USB_DevInit
 .text.USB_FlushTxFifo
                0x0800be4c       0x34 ../../libDaisy//build\libdaisy.a(stm32h7xx_ll_usb.o)
                0x0800be4c                USB_FlushTxFifo
 .text.USB_GetDevSpeed
                0x0800be80       0x24 ../../libDaisy//build\libdaisy.a(stm32h7xx_ll_usb.o)
                0x0800be80                USB_GetDevSpeed
 .text.USB_ActivateEndpoint
                0x0800bea4       0x90 ../../libDaisy//build\libdaisy.a(stm32h7xx_ll_usb.o)
                0x0800bea4                USB_ActivateEndpoint
 .text.USB_DeactivateEndpoint
                0x0800bf34       0x84 ../../libDaisy//build\libdaisy.a(stm32h7xx_ll_usb.o)
                0x0800bf34                USB_DeactivateEndpoint
 .text.USB_EPStartXfer
                0x0800bfb8      0x230 ../../libDaisy//build\libdaisy.a(stm32h7xx_ll_usb.o)
                0x0800bfb8                USB_EPStartXfer
 .text.USB_EP0StartXfer
                0x0800c1e8      0x174 ../../libDaisy//build\libdaisy.a(stm32h7xx_ll_usb.o)
                0x0800c1e8                USB_EP0StartXfer
 .text.USB_WritePacket
                0x0800c35c       0x2c ../../libDaisy//build\libdaisy.a(stm32h7xx_ll_usb.o)
                0x0800c35c                USB_WritePacket
 .text.USB_ReadPacket
                0x0800c388       0x20 ../../libDaisy//build\libdaisy.a(stm32h7xx_ll_usb.o)
                0x0800c388                USB_ReadPacket
 .text.USB_EPSetStall
                0x0800c3a8       0x68 ../../libDaisy//build\libdaisy.a(stm32h7xx_ll_usb.o)
                0x0800c3a8                USB_EPSetStall
 .text.USB_EPClearStall
                0x0800c410       0x58 ../../libDaisy//build\libdaisy.a(stm32h7xx_ll_usb.o)
                0x0800c410                USB_EPClearStall
 .text.USB_SetDevAddress
                0x0800c468       0x24 ../../libDaisy//build\libdaisy.a(stm32h7xx_ll_usb.o)
                0x0800c468                USB_SetDevAddress
 .text.USB_DevConnect
                0x0800c48c       0x1c ../../libDaisy//build\libdaisy.a(stm32h7xx_ll_usb.o)
                0x0800c48c                USB_DevConnect
 .text.USB_DevDisconnect
                0x0800c4a8       0x1c ../../libDaisy//build\libdaisy.a(stm32h7xx_ll_usb.o)
                0x0800c4a8                USB_DevDisconnect
 .text.USB_ReadInterrupts
                0x0800c4c4       0x14 ../../libDaisy//build\libdaisy.a(stm32h7xx_ll_usb.o)
                0x0800c4c4                USB_ReadInterrupts
 .text.USB_ReadDevAllOutEpInterrupt
                0x0800c4d8       0x1c ../../libDaisy//build\libdaisy.a(stm32h7xx_ll_usb.o)
                0x0800c4d8                USB_ReadDevAllOutEpInterrupt
 .text.USB_ReadDevAllInEpInterrupt
                0x0800c4f4       0x1c ../../libDaisy//build\libdaisy.a(stm32h7xx_ll_usb.o)
                0x0800c4f4                USB_ReadDevAllInEpInterrupt
 .text.USB_ReadDevOutEPInterrupt
                0x0800c510       0x1c ../../libDaisy//build\libdaisy.a(stm32h7xx_ll_usb.o)
                0x0800c510                USB_ReadDevOutEPInterrupt
 .text.USB_ReadDevInEPInterrupt
                0x0800c52c       0x38 ../../libDaisy//build\libdaisy.a(stm32h7xx_ll_usb.o)
                0x0800c52c                USB_ReadDevInEPInterrupt
 .text.USB_GetMode
                0x0800c564        0x8 ../../libDaisy//build\libdaisy.a(stm32h7xx_ll_usb.o)
                0x0800c564                USB_GetMode
 .text.USB_ActivateSetup
                0x0800c56c       0x38 ../../libDaisy//build\libdaisy.a(stm32h7xx_ll_usb.o)
                0x0800c56c                USB_ActivateSetup
 .text.USB_EP0_OutStart
                0x0800c5a4       0x58 ../../libDaisy//build\libdaisy.a(stm32h7xx_ll_usb.o)
                0x0800c5a4                USB_EP0_OutStart
 .text.USB_InitFSLSPClkSel
                0x0800c5fc       0x44 ../../libDaisy//build\libdaisy.a(stm32h7xx_ll_usb.o)
                0x0800c5fc                USB_InitFSLSPClkSel
 .text.USB_HC_ReadInterrupt
                0x0800c640        0x8 ../../libDaisy//build\libdaisy.a(stm32h7xx_ll_usb.o)
                0x0800c640                USB_HC_ReadInterrupt
 .text.USB_HC_Halt
                0x0800c648       0xc0 ../../libDaisy//build\libdaisy.a(stm32h7xx_ll_usb.o)
                0x0800c648                USB_HC_Halt
 .text.USB_StopHost
                0x0800c708      0x2ec ../../libDaisy//build\libdaisy.a(stm32h7xx_ll_usb.o)
                0x0800c708                USB_StopHost
 .text.USBD_CDC_EP0_RxReady
                0x0800c9f4       0x2c ../../libDaisy//build\libdaisy.a(usbd_cdc.o)
 .text.USBD_CDC_GetFSCfgDesc
                0x0800ca20       0x24 ../../libDaisy//build\libdaisy.a(usbd_cdc.o)
 .text.USBD_CDC_GetHSCfgDesc
                0x0800ca44       0x24 ../../libDaisy//build\libdaisy.a(usbd_cdc.o)
 .text.USBD_CDC_GetOtherSpeedCfgDesc
                0x0800ca68       0x24 ../../libDaisy//build\libdaisy.a(usbd_cdc.o)
 .text.USBD_CDC_GetDeviceQualifierDescriptor
                0x0800ca8c       0x10 ../../libDaisy//build\libdaisy.a(usbd_cdc.o)
                0x0800ca8c                USBD_CDC_GetDeviceQualifierDescriptor
 .text.USBD_CDC_DataOut
                0x0800ca9c       0x30 ../../libDaisy//build\libdaisy.a(usbd_cdc.o)
 .text.USBD_CDC_DataIn
                0x0800cacc       0x50 ../../libDaisy//build\libdaisy.a(usbd_cdc.o)
 .text.USBD_CDC_Setup
                0x0800cb1c       0xcc ../../libDaisy//build\libdaisy.a(usbd_cdc.o)
 .text.USBD_CDC_DeInit
                0x0800cbe8       0x44 ../../libDaisy//build\libdaisy.a(usbd_cdc.o)
 .text.USBD_CDC_Init
                0x0800cc2c       0x94 ../../libDaisy//build\libdaisy.a(usbd_cdc.o)
 .text.USBD_CDC_RegisterInterface
                0x0800ccc0       0x10 ../../libDaisy//build\libdaisy.a(usbd_cdc.o)
                0x0800ccc0                USBD_CDC_RegisterInterface
 .text.USBD_CDC_SetTxBuffer
                0x0800ccd0       0x14 ../../libDaisy//build\libdaisy.a(usbd_cdc.o)
                0x0800ccd0                USBD_CDC_SetTxBuffer
 .text.USBD_CDC_SetRxBuffer
                0x0800cce4       0x10 ../../libDaisy//build\libdaisy.a(usbd_cdc.o)
                0x0800cce4                USBD_CDC_SetRxBuffer
 .text.USBD_CDC_TransmitPacket
                0x0800ccf4       0x34 ../../libDaisy//build\libdaisy.a(usbd_cdc.o)
                0x0800ccf4                USBD_CDC_TransmitPacket
 .text.USBD_CDC_ReceivePacket
                0x0800cd28       0x38 ../../libDaisy//build\libdaisy.a(usbd_cdc.o)
                0x0800cd28                USBD_CDC_ReceivePacket
 .text.USBD_Init
                0x0800cd60       0x44 ../../libDaisy//build\libdaisy.a(usbd_core.o)
                0x0800cd60                USBD_Init
 .text.USBD_RegisterClass
                0x0800cda4       0x2c ../../libDaisy//build\libdaisy.a(usbd_core.o)
                0x0800cda4                USBD_RegisterClass
 .text.USBD_Start
                0x0800cdd0        0xc ../../libDaisy//build\libdaisy.a(usbd_core.o)
                0x0800cdd0                USBD_Start
 .text.USBD_SetClassConfig
                0x0800cddc       0x14 ../../libDaisy//build\libdaisy.a(usbd_core.o)
                0x0800cddc                USBD_SetClassConfig
 .text.USBD_ClrClassConfig
                0x0800cdf0       0x10 ../../libDaisy//build\libdaisy.a(usbd_core.o)
                0x0800cdf0                USBD_ClrClassConfig
 .text.USBD_LL_SetupStage
                0x0800ce00       0x5c ../../libDaisy//build\libdaisy.a(usbd_core.o)
                0x0800ce00                USBD_LL_SetupStage
 .text.USBD_LL_DataOutStage
                0x0800ce5c       0x7c ../../libDaisy//build\libdaisy.a(usbd_core.o)
                0x0800ce5c                USBD_LL_DataOutStage
 .text.USBD_LL_DataInStage
                0x0800ced8       0xcc ../../libDaisy//build\libdaisy.a(usbd_core.o)
                0x0800ced8                USBD_LL_DataInStage
 .text.USBD_LL_Reset
                0x0800cfa4       0x50 ../../libDaisy//build\libdaisy.a(usbd_core.o)
                0x0800cfa4                USBD_LL_Reset
 .text.USBD_LL_SetSpeed
                0x0800cff4        0x8 ../../libDaisy//build\libdaisy.a(usbd_core.o)
                0x0800cff4                USBD_LL_SetSpeed
 .text.USBD_LL_Suspend
                0x0800cffc       0x14 ../../libDaisy//build\libdaisy.a(usbd_core.o)
                0x0800cffc                USBD_LL_Suspend
 .text.USBD_LL_Resume
                0x0800d010       0x10 ../../libDaisy//build\libdaisy.a(usbd_core.o)
                0x0800d010                USBD_LL_Resume
 .text.USBD_LL_SOF
                0x0800d020       0x1c ../../libDaisy//build\libdaisy.a(usbd_core.o)
                0x0800d020                USBD_LL_SOF
 .text.USBD_LL_IsoINIncomplete
                0x0800d03c        0x4 ../../libDaisy//build\libdaisy.a(usbd_core.o)
                0x0800d03c                USBD_LL_IsoINIncomplete
 .text.USBD_LL_IsoOUTIncomplete
                0x0800d040        0x4 ../../libDaisy//build\libdaisy.a(usbd_core.o)
                0x0800d040                USBD_LL_IsoOUTIncomplete
 .text.USBD_LL_DevConnected
                0x0800d044        0x4 ../../libDaisy//build\libdaisy.a(usbd_core.o)
                0x0800d044                USBD_LL_DevConnected
 .text.USBD_LL_DevDisconnected
                0x0800d048       0x18 ../../libDaisy//build\libdaisy.a(usbd_core.o)
                0x0800d048                USBD_LL_DevDisconnected
 .text.USBD_StdDevReq
                0x0800d060      0x304 ../../libDaisy//build\libdaisy.a(usbd_ctlreq.o)
                0x0800d060                USBD_StdDevReq
 .text.USBD_StdItfReq
                0x0800d364       0x68 ../../libDaisy//build\libdaisy.a(usbd_ctlreq.o)
                0x0800d364                USBD_StdItfReq
 .text.USBD_StdEPReq
                0x0800d3cc      0x13c ../../libDaisy//build\libdaisy.a(usbd_ctlreq.o)
                0x0800d3cc                USBD_StdEPReq
 .text.USBD_ParseSetupRequest
                0x0800d508       0x28 ../../libDaisy//build\libdaisy.a(usbd_ctlreq.o)
                0x0800d508                USBD_ParseSetupRequest
 .text.USBD_CtlError
                0x0800d530       0x18 ../../libDaisy//build\libdaisy.a(usbd_ctlreq.o)
                0x0800d530                USBD_CtlError
 .text.USBD_GetString
                0x0800d548       0x54 ../../libDaisy//build\libdaisy.a(usbd_ctlreq.o)
                0x0800d548                USBD_GetString
 .text.USBD_CtlSendData
                0x0800d59c       0x1c ../../libDaisy//build\libdaisy.a(usbd_ioreq.o)
                0x0800d59c                USBD_CtlSendData
 .text.USBD_CtlContinueSendData
                0x0800d5b8       0x14 ../../libDaisy//build\libdaisy.a(usbd_ioreq.o)
                0x0800d5b8                USBD_CtlContinueSendData
 .text.USBD_CtlPrepareRx
                0x0800d5cc       0x1c ../../libDaisy//build\libdaisy.a(usbd_ioreq.o)
                0x0800d5cc                USBD_CtlPrepareRx
 .text.USBD_CtlContinueRx
                0x0800d5e8       0x14 ../../libDaisy//build\libdaisy.a(usbd_ioreq.o)
                0x0800d5e8                USBD_CtlContinueRx
 .text.USBD_CtlSendStatus
                0x0800d5fc       0x18 ../../libDaisy//build\libdaisy.a(usbd_ioreq.o)
                0x0800d5fc                USBD_CtlSendStatus
 .text.USBD_CtlReceiveStatus
                0x0800d614       0x18 ../../libDaisy//build\libdaisy.a(usbd_ioreq.o)
                0x0800d614                USBD_CtlReceiveStatus
 .text.USBH_LL_IncTimer
                0x0800d62c       0x20 ../../libDaisy//build\libdaisy.a(usbh_core.o)
                0x0800d62c                USBH_LL_IncTimer
 .text.USBH_LL_PortEnabled
                0x0800d64c        0x8 ../../libDaisy//build\libdaisy.a(usbh_core.o)
                0x0800d64c                USBH_LL_PortEnabled
 .text.USBH_LL_PortDisabled
                0x0800d654        0x8 ../../libDaisy//build\libdaisy.a(usbh_core.o)
                0x0800d654                USBH_LL_PortDisabled
 .text.USBH_LL_Connect
                0x0800d65c       0x18 ../../libDaisy//build\libdaisy.a(usbh_core.o)
                0x0800d65c                USBH_LL_Connect
 .text.USBH_LL_Disconnect
                0x0800d674       0x2c ../../libDaisy//build\libdaisy.a(usbh_core.o)
                0x0800d674                USBH_LL_Disconnect
 .text.USBH_FreePipe
                0x0800d6a0       0x18 ../../libDaisy//build\libdaisy.a(usbh_pipes.o)
                0x0800d6a0                USBH_FreePipe
 .text._ZN5daisy6Random4InitEv
                0x0800d6b8       0x3c ../../libDaisy//build\libdaisy.a(rng.o)
                0x0800d6b8                daisy::Random::Init()
 .text._ZN5daisy9SpiHandle4Impl7InitDmaEv
                0x0800d6f4       0xec ../../libDaisy//build\libdaisy.a(spi.o)
                0x0800d6f4                daisy::SpiHandle::Impl::InitDma()
 .text._ZN5daisy9SpiHandle4Impl10StartDmaTxEPhjPFvPvEPFvS3_NS0_6ResultEES3_
                0x0800d7e0       0xc8 ../../libDaisy//build\libdaisy.a(spi.o)
                0x0800d7e0                daisy::SpiHandle::Impl::StartDmaTx(unsigned char*, unsigned int, void (*)(void*), void (*)(void*, daisy::SpiHandle::Result), void*)
 .text._ZN5daisy9SpiHandle4Impl10StartDmaRxEPhjPFvPvEPFvS3_NS0_6ResultEES3_
                0x0800d8a8       0xc8 ../../libDaisy//build\libdaisy.a(spi.o)
                0x0800d8a8                daisy::SpiHandle::Impl::StartDmaRx(unsigned char*, unsigned int, void (*)(void*), void (*)(void*, daisy::SpiHandle::Result), void*)
 .text._ZN5daisy9SpiHandle4Impl12StartDmaRxTxEPhS2_jPFvPvEPFvS3_NS0_6ResultEES3_
                0x0800d970       0xcc ../../libDaisy//build\libdaisy.a(spi.o)
                0x0800d970                daisy::SpiHandle::Impl::StartDmaRxTx(unsigned char*, unsigned char*, unsigned int, void (*)(void*), void (*)(void*, daisy::SpiHandle::Result), void*)
 .text._ZN5daisy9SpiHandle4Impl8InitPinsEv
                0x0800da3c      0x274 ../../libDaisy//build\libdaisy.a(spi.o)
                0x0800da3c                daisy::SpiHandle::Impl::InitPins()
 .text.HAL_SPI_MspInit
                0x0800dcb0      0x1a8 ../../libDaisy//build\libdaisy.a(spi.o)
                0x0800dcb0                HAL_SPI_MspInit
 .text.dsy_spi_global_init
                0x0800de58       0x80 ../../libDaisy//build\libdaisy.a(spi.o)
                0x0800de58                dsy_spi_global_init
 .text.SPI1_IRQHandler
                0x0800ded8        0xc ../../libDaisy//build\libdaisy.a(spi.o)
                0x0800ded8                SPI1_IRQHandler
 .text.SPI2_IRQHandler
                0x0800dee4        0xc ../../libDaisy//build\libdaisy.a(spi.o)
                0x0800dee4                SPI2_IRQHandler
 .text.SPI3_IRQHandler
                0x0800def0        0xc ../../libDaisy//build\libdaisy.a(spi.o)
                0x0800def0                SPI3_IRQHandler
 .text.SPI4_IRQHandler
                0x0800defc        0xc ../../libDaisy//build\libdaisy.a(spi.o)
                0x0800defc                SPI4_IRQHandler
 .text.SPI5_IRQHandler
                0x0800df08        0xc ../../libDaisy//build\libdaisy.a(spi.o)
                0x0800df08                SPI5_IRQHandler
 .text.DMA2_Stream2_IRQHandler
                0x0800df14       0x34 ../../libDaisy//build\libdaisy.a(spi.o)
                0x0800df14                DMA2_Stream2_IRQHandler
 .text.DMA2_Stream3_IRQHandler
                0x0800df48       0x38 ../../libDaisy//build\libdaisy.a(spi.o)
                0x0800df48                DMA2_Stream3_IRQHandler
 .text.HAL_SPI_TxCpltCallback
                0x0800df80       0xc4 ../../libDaisy//build\libdaisy.a(spi.o)
                0x0800df80                HAL_SPI_TxCpltCallback
 .text.HAL_SPI_RxCpltCallback
                0x0800e044       0xc4 ../../libDaisy//build\libdaisy.a(spi.o)
                0x0800e044                HAL_SPI_RxCpltCallback
 .text.HAL_SPI_TxRxCpltCallback
                0x0800e108       0xc4 ../../libDaisy//build\libdaisy.a(spi.o)
                0x0800e108                HAL_SPI_TxRxCpltCallback
 .text.HAL_SPI_ErrorCallback
                0x0800e1cc       0xc8 ../../libDaisy//build\libdaisy.a(spi.o)
                0x0800e1cc                HAL_SPI_ErrorCallback
 .text.startup._GLOBAL__sub_I__Z19MapInstanceToHandleP11SPI_TypeDef
                0x0800e294      0x1b0 ../../libDaisy//build\libdaisy.a(spi.o)
 .text._ZL20UART_CheckRxListenerPN5daisy11UartHandler4ImplE
                0x0800e444       0x84 ../../libDaisy//build\libdaisy.a(uart.o)
 .text._ZN5daisy11UartHandler4Impl10StartDmaTxEPhjPFvPvEPFvS3_NS0_6ResultEES3_
                0x0800e4c8      0x184 ../../libDaisy//build\libdaisy.a(uart.o)
                0x0800e4c8                daisy::UartHandler::Impl::StartDmaTx(unsigned char*, unsigned int, void (*)(void*), void (*)(void*, daisy::UartHandler::Result), void*)
 .text._ZN5daisy11UartHandler4Impl10StartDmaRxEPhjPFvPvEPFvS3_NS0_6ResultEES3_
                0x0800e64c      0x184 ../../libDaisy//build\libdaisy.a(uart.o)
                0x0800e64c                daisy::UartHandler::Impl::StartDmaRx(unsigned char*, unsigned int, void (*)(void*), void (*)(void*, daisy::UartHandler::Result), void*)
 .text._ZN5daisy11UartHandler4Impl19DmaTransferFinishedEP20__UART_HandleTypeDefNS0_6ResultE
                0x0800e7d0       0xc0 ../../libDaisy//build\libdaisy.a(uart.o)
                0x0800e7d0                daisy::UartHandler::Impl::DmaTransferFinished(__UART_HandleTypeDef*, daisy::UartHandler::Result)
 .text._ZN5daisy11UartHandler4Impl8InitPinsEv
                0x0800e890      0x154 ../../libDaisy//build\libdaisy.a(uart.o)
                0x0800e890                daisy::UartHandler::Impl::InitPins()
 .text.HAL_UART_MspInit
                0x0800e9e4      0x210 ../../libDaisy//build\libdaisy.a(uart.o)
                0x0800e9e4                HAL_UART_MspInit
 .text.dsy_uart_global_init
                0x0800ebf4      0x110 ../../libDaisy//build\libdaisy.a(uart.o)
                0x0800ebf4                dsy_uart_global_init
 .text.USART1_IRQHandler
                0x0800ed04       0x2c ../../libDaisy//build\libdaisy.a(uart.o)
                0x0800ed04                USART1_IRQHandler
 .text.USART2_IRQHandler
                0x0800ed30       0x34 ../../libDaisy//build\libdaisy.a(uart.o)
                0x0800ed30                USART2_IRQHandler
 .text.USART3_IRQHandler
                0x0800ed64       0x34 ../../libDaisy//build\libdaisy.a(uart.o)
                0x0800ed64                USART3_IRQHandler
 .text.UART4_IRQHandler
                0x0800ed98       0x34 ../../libDaisy//build\libdaisy.a(uart.o)
                0x0800ed98                UART4_IRQHandler
 .text.UART5_IRQHandler
                0x0800edcc       0x34 ../../libDaisy//build\libdaisy.a(uart.o)
                0x0800edcc                UART5_IRQHandler
 .text.USART6_IRQHandler
                0x0800ee00       0x34 ../../libDaisy//build\libdaisy.a(uart.o)
                0x0800ee00                USART6_IRQHandler
 .text.UART7_IRQHandler
                0x0800ee34       0x34 ../../libDaisy//build\libdaisy.a(uart.o)
                0x0800ee34                UART7_IRQHandler
 .text.UART8_IRQHandler
                0x0800ee68       0x34 ../../libDaisy//build\libdaisy.a(uart.o)
                0x0800ee68                UART8_IRQHandler
 .text.LPUART1_IRQHandler
                0x0800ee9c       0x34 ../../libDaisy//build\libdaisy.a(uart.o)
                0x0800ee9c                LPUART1_IRQHandler
 .text.DMA1_Stream5_IRQHandler
                0x0800eed0       0x34 ../../libDaisy//build\libdaisy.a(uart.o)
                0x0800eed0                DMA1_Stream5_IRQHandler
 .text.DMA2_Stream4_IRQHandler
                0x0800ef04       0x38 ../../libDaisy//build\libdaisy.a(uart.o)
                0x0800ef04                DMA2_Stream4_IRQHandler
 .text.HAL_UART_TxCpltCallback
                0x0800ef3c        0x8 ../../libDaisy//build\libdaisy.a(uart.o)
                0x0800ef3c                HAL_UART_TxCpltCallback
 .text.HAL_UART_RxCpltCallback
                0x0800ef44       0x94 ../../libDaisy//build\libdaisy.a(uart.o)
                0x0800ef44                HAL_UART_RxCpltCallback
 .text.HAL_UART_RxHalfCpltCallback
                0x0800efd8       0x90 ../../libDaisy//build\libdaisy.a(uart.o)
                0x0800efd8                HAL_UART_RxHalfCpltCallback
 .text.HAL_UART_ErrorCallback
                0x0800f068        0x8 ../../libDaisy//build\libdaisy.a(uart.o)
                0x0800f068                HAL_UART_ErrorCallback
 .text.startup._GLOBAL__sub_I__Z19MapInstanceToHandleP13USART_TypeDef
                0x0800f070      0x194 ../../libDaisy//build\libdaisy.a(uart.o)
 .text.dsy_dma_init
                0x0800f204      0x100 ../../libDaisy//build\libdaisy.a(dma.o)
                0x0800f204                dsy_dma_init
 .text.dsy_dma_invalidate_cache_for_buffer
                0x0800f304       0x2c ../../libDaisy//build\libdaisy.a(dma.o)
                0x0800f304                dsy_dma_invalidate_cache_for_buffer
 .text.HAL_MDMA_Abort_IT
                0x0800f330       0x2c ../../libDaisy//build\libdaisy.a(stm32h7xx_hal_mdma.o)
                0x0800f330                HAL_MDMA_Abort_IT
 .text.SPI_CloseTransfer
                0x0800f35c       0xb8 ../../libDaisy//build\libdaisy.a(stm32h7xx_hal_spi.o)
 .text.HAL_SPI_Init
                0x0800f414      0x15c ../../libDaisy//build\libdaisy.a(stm32h7xx_hal_spi.o)
                0x0800f414                HAL_SPI_Init
 .text.HAL_SPI_Transmit_DMA
                0x0800f570      0x170 ../../libDaisy//build\libdaisy.a(stm32h7xx_hal_spi.o)
                0x0800f570                HAL_SPI_Transmit_DMA
 .text.HAL_SPI_TransmitReceive_DMA
                0x0800f6e0      0x218 ../../libDaisy//build\libdaisy.a(stm32h7xx_hal_spi.o)
                0x0800f6e0                HAL_SPI_TransmitReceive_DMA
 .text.HAL_SPI_Receive_DMA
                0x0800f8f8      0x1b4 ../../libDaisy//build\libdaisy.a(stm32h7xx_hal_spi.o)
                0x0800f8f8                HAL_SPI_Receive_DMA
 .text.SPI_DMATransmitCplt
                0x0800faac       0x28 ../../libDaisy//build\libdaisy.a(stm32h7xx_hal_spi.o)
 .text.SPI_DMAReceiveCplt
                0x0800fad4       0x28 ../../libDaisy//build\libdaisy.a(stm32h7xx_hal_spi.o)
 .text.SPI_DMATransmitReceiveCplt
                0x0800fafc       0x28 ../../libDaisy//build\libdaisy.a(stm32h7xx_hal_spi.o)
 .text.HAL_SPI_TxHalfCpltCallback
                0x0800fb24        0x4 ../../libDaisy//build\libdaisy.a(stm32h7xx_hal_spi.o)
                0x0800fb24                HAL_SPI_TxHalfCpltCallback
 .text.SPI_DMAHalfTransmitCplt
                0x0800fb28        0xc ../../libDaisy//build\libdaisy.a(stm32h7xx_hal_spi.o)
 .text.HAL_SPI_RxHalfCpltCallback
                0x0800fb34        0x4 ../../libDaisy//build\libdaisy.a(stm32h7xx_hal_spi.o)
                0x0800fb34                HAL_SPI_RxHalfCpltCallback
 .text.SPI_DMAHalfReceiveCplt
                0x0800fb38        0xc ../../libDaisy//build\libdaisy.a(stm32h7xx_hal_spi.o)
 .text.HAL_SPI_TxRxHalfCpltCallback
                0x0800fb44        0x4 ../../libDaisy//build\libdaisy.a(stm32h7xx_hal_spi.o)
                0x0800fb44                HAL_SPI_TxRxHalfCpltCallback
 .text.SPI_DMAHalfTransmitReceiveCplt
                0x0800fb48        0xc ../../libDaisy//build\libdaisy.a(stm32h7xx_hal_spi.o)
 .text.SPI_DMAError
                0x0800fb54       0xd8 ../../libDaisy//build\libdaisy.a(stm32h7xx_hal_spi.o)
 .text.HAL_SPI_IRQHandler
                0x0800fc2c      0x23c ../../libDaisy//build\libdaisy.a(stm32h7xx_hal_spi.o)
                0x0800fc2c                HAL_SPI_IRQHandler
 .text.SPI_DMAAbortOnError
                0x0800fe68       0x1c ../../libDaisy//build\libdaisy.a(stm32h7xx_hal_spi.o)
 .text.HAL_SPI_GetState
                0x0800fe84        0x8 ../../libDaisy//build\libdaisy.a(stm32h7xx_hal_spi.o)
                0x0800fe84                HAL_SPI_GetState
 .text.HAL_UART_Transmit_DMA
                0x0800fe8c       0xa4 ../../libDaisy//build\libdaisy.a(stm32h7xx_hal_uart.o)
                0x0800fe8c                HAL_UART_Transmit_DMA
 .text.HAL_UART_Receive_DMA
                0x0800ff30       0xac ../../libDaisy//build\libdaisy.a(stm32h7xx_hal_uart.o)
                0x0800ff30                HAL_UART_Receive_DMA
 .text.UART_DMATransmitCplt
                0x0800ffdc       0x2c ../../libDaisy//build\libdaisy.a(stm32h7xx_hal_uart.o)
 .text.HAL_UART_TxHalfCpltCallback
                0x08010008        0x4 ../../libDaisy//build\libdaisy.a(stm32h7xx_hal_uart.o)
                0x08010008                HAL_UART_TxHalfCpltCallback
 .text.UART_DMATxHalfCplt
                0x0801000c        0xc ../../libDaisy//build\libdaisy.a(stm32h7xx_hal_uart.o)
 .text.UART_DMAReceiveCplt
                0x08010018       0x38 ../../libDaisy//build\libdaisy.a(stm32h7xx_hal_uart.o)
 .text.UART_DMARxHalfCplt
                0x08010050        0xc ../../libDaisy//build\libdaisy.a(stm32h7xx_hal_uart.o)
 .text.UART_DMAError
                0x0801005c       0x78 ../../libDaisy//build\libdaisy.a(stm32h7xx_hal_uart.o)
 .text.HAL_UART_IRQHandler
                0x080100d4      0x1d0 ../../libDaisy//build\libdaisy.a(stm32h7xx_hal_uart.o)
                0x080100d4                HAL_UART_IRQHandler
 .text.UART_DMAAbortOnError
                0x080102a4       0x14 ../../libDaisy//build\libdaisy.a(stm32h7xx_hal_uart.o)
 .text.HAL_UART_GetState
                0x080102b8        0xc ../../libDaisy//build\libdaisy.a(stm32h7xx_hal_uart.o)
                0x080102b8                HAL_UART_GetState
 .text.UART_SetConfig
                0x080102c4     0x14b8 ../../libDaisy//build\libdaisy.a(stm32h7xx_hal_uart.o)
                0x080102c4                UART_SetConfig
 .text.UART_AdvFeatureConfig
                0x0801177c       0xb0 ../../libDaisy//build\libdaisy.a(stm32h7xx_hal_uart.o)
                0x0801177c                UART_AdvFeatureConfig
 .text.UART_CheckIdleState
                0x0801182c       0x84 ../../libDaisy//build\libdaisy.a(stm32h7xx_hal_uart.o)
                0x0801182c                UART_CheckIdleState
 .text.HAL_UART_Init
                0x080118b0       0x68 ../../libDaisy//build\libdaisy.a(stm32h7xx_hal_uart.o)
                0x080118b0                HAL_UART_Init
 .text.HAL_UARTEx_WakeupCallback
                0x08011918        0x4 ../../libDaisy//build\libdaisy.a(stm32h7xx_hal_uart_ex.o)
                0x08011918                HAL_UARTEx_WakeupCallback
 .text.HAL_UARTEx_RxFifoFullCallback
                0x0801191c        0x4 ../../libDaisy//build\libdaisy.a(stm32h7xx_hal_uart_ex.o)
                0x0801191c                HAL_UARTEx_RxFifoFullCallback
 .text.HAL_UARTEx_TxFifoEmptyCallback
                0x08011920        0x4 ../../libDaisy//build\libdaisy.a(stm32h7xx_hal_uart_ex.o)
                0x08011920                HAL_UARTEx_TxFifoEmptyCallback
 .text.__aeabi_atexit
                0x08011924        0xa c:/program files/daisytoolchain/bin/../lib/gcc/arm-none-eabi/10.2.1/../../../../arm-none-eabi/lib/thumb/v7e-m+dp/hard\libstdc++_nano.a(atexit_arm.o)
                0x08011924                __aeabi_atexit
 .text._Znwj    0x0801192e       0x22 c:/program files/daisytoolchain/bin/../lib/gcc/arm-none-eabi/10.2.1/../../../../arm-none-eabi/lib/thumb/v7e-m+dp/hard\libstdc++_nano.a(new_op.o)
                0x0801192e                operator new(unsigned int)
 .text._Znaj    0x08011950        0x4 c:/program files/daisytoolchain/bin/../lib/gcc/arm-none-eabi/10.2.1/../../../../arm-none-eabi/lib/thumb/v7e-m+dp/hard\libstdc++_nano.a(new_opv.o)
                0x08011950                operator new[](unsigned int)
 .text._ZSt15get_new_handlerv
                0x08011954       0x10 c:/program files/daisytoolchain/bin/../lib/gcc/arm-none-eabi/10.2.1/../../../../arm-none-eabi/lib/thumb/v7e-m+dp/hard\libstdc++_nano.a(new_handler.o)
                0x08011954                std::get_new_handler()
 .text.abort    0x08011964        0xe c:/program files/daisytoolchain/bin/../lib/gcc/arm-none-eabi/10.2.1/../../../../arm-none-eabi/lib/thumb/v7e-m+dp/hard\libc_nano.a(lib_a-abort.o)
                0x08011964                abort
 *fill*         0x08011972        0x2 
 .text.calloc   0x08011974       0x10 c:/program files/daisytoolchain/bin/../lib/gcc/arm-none-eabi/10.2.1/../../../../arm-none-eabi/lib/thumb/v7e-m+dp/hard\libc_nano.a(lib_a-calloc.o)